Archive member included because of file (symbol)

C:\Users\Administrator\workspace\arduino_core\uno\libarduino_core.a(malloc.o)
                              ./arduinolib/SD/File.o (malloc)
C:\Users\Administrator\workspace\arduino_core\uno\libarduino_core.a(HardwareSerial.o)
                              ./arduinolib/Firmata/Firmata.o (HardwareSerial::begin(unsigned long))
C:\Users\Administrator\workspace\arduino_core\uno\libarduino_core.a(IPAddress.o)
                              ./arduinolib/Ethernet/Dhcp.o (vtable for IPAddress)
C:\Users\Administrator\workspace\arduino_core\uno\libarduino_core.a(Print.o)
                              ./arduinolib/Wire/Wire.o (Print::write(unsigned char const*, unsigned int))
C:\Users\Administrator\workspace\arduino_core\uno\libarduino_core.a(WMath.o)
                              ./arduinolib/Servo/Servo.o (map(long, long, long, long, long))
C:\Users\Administrator\workspace\arduino_core\uno\libarduino_core.a(WString.o)
                              C:\Users\Administrator\workspace\arduino_core\uno\libarduino_core.a(Print.o) (String::operator[](unsigned int) const)
C:\Users\Administrator\workspace\arduino_core\uno\libarduino_core.a(main.o)
                              d:/program files/arduino-1.0.5/hardware/tools/avr/bin/../lib/gcc/avr/4.3.2/../../../../avr/lib/avr5/crtm328p.o (main)
C:\Users\Administrator\workspace\arduino_core\uno\libarduino_core.a(new.o)
                              ./arduinolib/Ethernet/Ethernet.o (__cxa_guard_acquire)
C:\Users\Administrator\workspace\arduino_core\uno\libarduino_core.a(wiring.o)
                              ./arduinolib/Stepper/Stepper.o (millis)
C:\Users\Administrator\workspace\arduino_core\uno\libarduino_core.a(wiring_digital.o)
                              ./src/demo.o (pinMode)
C:\Users\Administrator\workspace\arduino_core\uno\libarduino_core.a(realloc.o)
                              C:\Users\Administrator\workspace\arduino_core\uno\libarduino_core.a(WString.o) (realloc)
d:/program files/arduino-1.0.5/hardware/tools/avr/bin/../lib/gcc/avr/4.3.2/avr5\libgcc.a(_mulsi3.o)
                              ./arduinolib/SD/utility/SdVolume.o (__mulsi3)
d:/program files/arduino-1.0.5/hardware/tools/avr/bin/../lib/gcc/avr/4.3.2/avr5\libgcc.a(_udivmodqi4.o)
                              ./arduinolib/Servo/Servo.o (__udivmodqi4)
d:/program files/arduino-1.0.5/hardware/tools/avr/bin/../lib/gcc/avr/4.3.2/avr5\libgcc.a(_divmodhi4.o)
                              ./arduinolib/Stepper/Stepper.o (__divmodhi4)
d:/program files/arduino-1.0.5/hardware/tools/avr/bin/../lib/gcc/avr/4.3.2/avr5\libgcc.a(_udivmodsi4.o)
                              ./arduinolib/Ethernet/Dhcp.o (__udivmodsi4)
d:/program files/arduino-1.0.5/hardware/tools/avr/bin/../lib/gcc/avr/4.3.2/avr5\libgcc.a(_divmodsi4.o)
                              ./arduinolib/Stepper/Stepper.o (__divmodsi4)
d:/program files/arduino-1.0.5/hardware/tools/avr/bin/../lib/gcc/avr/4.3.2/avr5\libgcc.a(_exit.o)
                              d:/program files/arduino-1.0.5/hardware/tools/avr/bin/../lib/gcc/avr/4.3.2/../../../../avr/lib/avr5/crtm328p.o (exit)
d:/program files/arduino-1.0.5/hardware/tools/avr/bin/../lib/gcc/avr/4.3.2/avr5\libgcc.a(_copy_data.o)
                              ./src/demo.o (__do_copy_data)
d:/program files/arduino-1.0.5/hardware/tools/avr/bin/../lib/gcc/avr/4.3.2/avr5\libgcc.a(_clear_bss.o)
                              ./src/demo.o (__do_clear_bss)
d:/program files/arduino-1.0.5/hardware/tools/avr/bin/../lib/gcc/avr/4.3.2/avr5\libgcc.a(_ctors.o)
                              ./arduinolib/Wire/Wire.o (__do_global_ctors)
d:/program files/arduino-1.0.5/hardware/tools/avr/bin/../lib/gcc/avr/4.3.2/avr5\libgcc.a(_fixunssfsi.o)
                              C:\Users\Administrator\workspace\arduino_core\uno\libarduino_core.a(Print.o) (__fixunssfsi)
d:/program files/arduino-1.0.5/hardware/tools/avr/bin/../lib/gcc/avr/4.3.2/avr5\libgcc.a(_addsub_sf.o)
                              C:\Users\Administrator\workspace\arduino_core\uno\libarduino_core.a(Print.o) (__subsf3)
d:/program files/arduino-1.0.5/hardware/tools/avr/bin/../lib/gcc/avr/4.3.2/avr5\libgcc.a(_mul_sf.o)
                              C:\Users\Administrator\workspace\arduino_core\uno\libarduino_core.a(Print.o) (__mulsf3)
d:/program files/arduino-1.0.5/hardware/tools/avr/bin/../lib/gcc/avr/4.3.2/avr5\libgcc.a(_div_sf.o)
                              C:\Users\Administrator\workspace\arduino_core\uno\libarduino_core.a(Print.o) (__divsf3)
d:/program files/arduino-1.0.5/hardware/tools/avr/bin/../lib/gcc/avr/4.3.2/avr5\libgcc.a(_gt_sf.o)
                              C:\Users\Administrator\workspace\arduino_core\uno\libarduino_core.a(Print.o) (__gtsf2)
d:/program files/arduino-1.0.5/hardware/tools/avr/bin/../lib/gcc/avr/4.3.2/avr5\libgcc.a(_ge_sf.o)
[...]
Memory Configuration

Name             Origin             Length             Attributes
text             0x00000000         0x00020000         xr
data             0x00800060         0x0000ffa0         rw !x
eeprom           0x00810000         0x00010000         rw !x
fuse             0x00820000         0x00000400         rw !x
lock             0x00830000         0x00000400         rw !x
signature        0x00840000         0x00000400         rw !x
*default*        0x00000000         0xffffffff

Linker script and memory map

Address of section .data set to 0x800100
LOAD d:/program files/arduino-1.0.5/hardware/tools/avr/bin/../lib/gcc/avr/4.3.2/../../../../avr/lib/avr5/crtm328p.o
LOAD ./src/demo.o
LOAD ./arduinolib/Wire/utility/twi.o
LOAD ./arduinolib/Wire/Wire.o
LOAD ./arduinolib/Stepper/Stepper.o
LOAD ./arduinolib/SoftwareSerial/SoftwareSerial.o
LOAD ./arduinolib/Servo/Servo.o
LOAD ./arduinolib/SPI/SPI.o
LOAD ./arduinolib/SD/utility/Sd2Card.o
LOAD ./arduinolib/SD/utility/SdFile.o
LOAD ./arduinolib/SD/utility/SdVolume.o
LOAD ./arduinolib/SD/File.o
LOAD ./arduinolib/SD/SD.o
LOAD ./arduinolib/LiquidCrystal/LiquidCrystal.o
LOAD ./arduinolib/Firmata/Firmata.o
LOAD ./arduinolib/Ethernet/utility/socket.o
LOAD ./arduinolib/Ethernet/utility/w5100.o
LOAD ./arduinolib/Ethernet/Dhcp.o
LOAD ./arduinolib/Ethernet/Dns.o
LOAD ./arduinolib/Ethernet/Ethernet.o
LOAD ./arduinolib/Ethernet/EthernetClient.o
LOAD ./arduinolib/Ethernet/EthernetServer.o
LOAD ./arduinolib/Ethernet/EthernetUdp.o
LOAD ./arduinolib/EEPROM/EEPROM.o
LOAD C:\Users\Administrator\workspace\arduino_core\uno\libarduino_core.a
LOAD d:/program files/arduino-1.0.5/hardware/tools/avr/bin/../lib/gcc/avr/4.3.2/avr5\libgcc.a
LOAD d:/program files/arduino-1.0.5/hardware/tools/avr/bin/../lib/gcc/avr/4.3.2/../../../../avr/lib/avr5\libm.a
LOAD d:/program files/arduino-1.0.5/hardware/tools/avr/bin/../lib/gcc/avr/4.3.2/avr5\libgcc.a
LOAD d:/program files/arduino-1.0.5/hardware/tools/avr/bin/../lib/gcc/avr/4.3.2/../../../../avr/lib/avr5\libc.a
LOAD d:/program files/arduino-1.0.5/hardware/tools/avr/bin/../lib/gcc/avr/4.3.2/avr5\libgcc.a

.hash
 *(.hash)

.dynsym
 *(.dynsym)

.dynstr
 *(.dynstr)

.gnu.version
 *(.gnu.version)

.gnu.version_d
 *(.gnu.version_d)

.gnu.version_r
 *(.gnu.version_r)

.rel.init
 *(.rel.init)

.rela.init
 *(.rela.init)

.rel.text
 *(.rel.text)
 *(.rel.text.*)
 *(.rel.gnu.linkonce.t*)

.rela.text
 *(.rela.text)
 *(.rela.text.*)
 *(.rela.gnu.linkonce.t*)

.rel.fini
 *(.rel.fini)

.rela.fini
 *(.rela.fini)

.rel.rodata
 *(.rel.rodata)
 *(.rel.rodata.*)
 *(.rel.gnu.linkonce.r*)

.rela.rodata
 *(.rela.rodata)
 *(.rela.rodata.*)
 *(.rela.gnu.linkonce.r*)

.rel.data
 *(.rel.data)
 *(.rel.data.*)
 *(.rel.gnu.linkonce.d*)

.rela.data
 *(.rela.data)
 *(.rela.data.*)
 *(.rela.gnu.linkonce.d*)

.rel.ctors
 *(.rel.ctors)

.rela.ctors
 *(.rela.ctors)

.rel.dtors
 *(.rel.dtors)

.rela.dtors
 *(.rela.dtors)

.rel.got
 *(.rel.got)

.rela.got
 *(.rela.got)

.rel.bss
 *(.rel.bss)

.rela.bss
 *(.rela.bss)

.rel.plt
 *(.rel.plt)

.rela.plt
 *(.rela.plt)

.text           0x00000000     0x3f40
 *(.vectors)
 .vectors       0x00000000       0x68 d:/program files/arduino-1.0.5/hardware/tools/avr/bin/../lib/gcc/avr/4.3.2/../../../../avr/lib/avr5/crtm328p.o
                0x00000000                __vectors
                0x00000000                __vector_default
 *(.vectors)
 *(.progmem.gcc*)
 *(.progmem*)
 .progmem.data  0x00000068       0x5a C:\Users\Administrator\workspace\arduino_core\uno\libarduino_core.a(wiring_digital.o)
                0x00000068                port_to_mode_PGM
                0x00000086                digital_pin_to_port_PGM
                0x0000009a                digital_pin_to_bit_mask_PGM
                0x00000072                port_to_output_PGM
                0x0000007c                port_to_input_PGM
                0x000000ae                digital_pin_to_timer_PGM
                0x000000c2                . = ALIGN (0x2)
                0x000000c2                __trampolines_start = .
 *(.trampolines)
 .trampolines   0x000000c2        0x0 linker stubs
 *(.trampolines*)
                0x000000c2                __trampolines_end = .
 *(.jumptables)
 *(.jumptables*)
 *(.lowtext)
 *(.lowtext*)
                0x000000c2                __ctors_start = .
 *(.ctors)
 .ctors         0x000000c2        0x2 ./arduinolib/Wire/Wire.o
 .ctors         0x000000c4        0x2 ./arduinolib/SD/SD.o
 .ctors         0x000000c6        0x2 ./arduinolib/Firmata/Firmata.o
 .ctors         0x000000c8        0x2 ./arduinolib/Ethernet/Dhcp.o
 .ctors         0x000000ca        0x2 ./arduinolib/Ethernet/Dns.o
 .ctors         0x000000cc        0x2 ./arduinolib/Ethernet/Ethernet.o
 .ctors         0x000000ce        0x2 ./arduinolib/Ethernet/EthernetClient.o
 .ctors         0x000000d0        0x2 ./arduinolib/Ethernet/EthernetServer.o
 .ctors         0x000000d2        0x2 ./arduinolib/Ethernet/EthernetUdp.o
 .ctors         0x000000d4        0x2 C:\Users\Administrator\workspace\arduino_core\uno\libarduino_core.a(HardwareSerial.o)
 .ctors         0x000000d6        0x2 C:\Users\Administrator\workspace\arduino_core\uno\libarduino_core.a(IPAddress.o)
                0x000000d8                __ctors_end = .
                0x000000d8                __dtors_start = .
 *(.dtors)
                0x000000d8                __dtors_end = .
 SORT(*)(.ctors)
 SORT(*)(.dtors)
 *(.init0)
 .init0         0x000000d8        0x0 d:/program files/arduino-1.0.5/hardware/tools/avr/bin/../lib/gcc/avr/4.3.2/../../../../avr/lib/avr5/crtm328p.o
                0x000000d8                __init
 *(.init0)
 *(.init1)
 *(.init1)
 *(.init2)
 .init2         0x000000d8        0xc d:/program files/arduino-1.0.5/hardware/tools/avr/bin/../lib/gcc/avr/4.3.2/../../../../avr/lib/avr5/crtm328p.o
 *(.init2)
 *(.init3)
 *(.init3)
 *(.init4)
 .init4         0x000000e4       0x16 d:/program files/arduino-1.0.5/hardware/tools/avr/bin/../lib/gcc/avr/4.3.2/avr5\libgcc.a(_copy_data.o)
                0x000000e4                __do_copy_data
 .init4         0x000000fa       0x10 d:/program files/arduino-1.0.5/hardware/tools/avr/bin/../lib/gcc/avr/4.3.2/avr5\libgcc.a(_clear_bss.o)
                0x000000fa                __do_clear_bss
 *(.init4)
 *(.init5)
 *(.init5)
 *(.init6)
 .init6         0x0000010a       0x16 d:/program files/arduino-1.0.5/hardware/tools/avr/bin/../lib/gcc/avr/4.3.2/avr5\libgcc.a(_ctors.o)
                0x0000010a                __do_global_ctors
 *(.init6)
 *(.init7)
 *(.init7)
 *(.init8)
 *(.init8)
 *(.init9)
 .init9         0x00000120        0x8 d:/program files/arduino-1.0.5/hardware/tools/avr/bin/../lib/gcc/avr/4.3.2/../../../../avr/lib/avr5/crtm328p.o
 *(.init9)
 *(.text)
 .text          0x00000128        0x2 d:/program files/arduino-1.0.5/hardware/tools/avr/bin/../lib/gcc/avr/4.3.2/../../../../avr/lib/avr5/crtm328p.o
                0x00000128                __vector_22
                0x00000128                __vector_1
                0x00000128                __vector_12
                0x00000128                __bad_interrupt
                0x00000128                __vector_6
                0x00000128                __vector_23
                0x00000128                __vector_25
                0x00000128                __vector_13
                0x00000128                __vector_17
                0x00000128                __vector_7
                0x00000128                __vector_9
                0x00000128                __vector_2
                0x00000128                __vector_21
                0x00000128                __vector_15
                0x00000128                __vector_8
                0x00000128                __vector_14
                0x00000128                __vector_10
                0x00000128                __vector_20
 .text          0x0000012a        0xe d:/program files/arduino-1.0.5/hardware/tools/avr/bin/../lib/gcc/avr/4.3.2/../../../../avr/lib/avr5\libc.a(memset.o)
                0x0000012a                memset
 .text          0x00000138       0x12 d:/program files/arduino-1.0.5/hardware/tools/avr/bin/../lib/gcc/avr/4.3.2/../../../../avr/lib/avr5\libc.a(strlen.o)
                0x00000138                strlen
                0x0000014a                . = ALIGN (0x2)
 *(.text.*)
 .text.loop     0x0000014a       0x42 ./src/demo.o
                0x0000014a                loop
 .text.setup    0x0000018c       0x28 ./src/demo.o
                0x0000018c                setup
 .text.twi_transmit
                0x000001b4       0x36 ./arduinolib/Wire/utility/twi.o
                0x000001b4                twi_transmit
 .text.__vector_24
                0x000001ea      0x322 ./arduinolib/Wire/utility/twi.o
                0x000001ea                __vector_24
 .text._ZN5Print13setWriteErrorEi
                0x0000050c       0x2e ./arduinolib/Wire/Wire.o
                0x0000050c                Print::setWriteError(int)
 .text._ZN5PrintC2Ev
                0x0000053a       0x2c ./arduinolib/Wire/Wire.o
                0x0000053a                Print::Print()
 .text._ZN6StreamC2Ev
                0x00000566       0x3e ./arduinolib/Wire/Wire.o
                0x00000566                Stream::Stream()
 .text._ZN7TwoWireC1Ev
                0x000005a4       0x2a ./arduinolib/Wire/Wire.o
                0x000005a4                TwoWire::TwoWire()
 .text._ZN7TwoWire9availableEv
                0x000005ce       0x30 ./arduinolib/Wire/Wire.o
                0x000005ce                TwoWire::available()
 .text._ZN7TwoWire4readEv
                0x000005fe       0x58 ./arduinolib/Wire/Wire.o
                0x000005fe                TwoWire::read()
 .text._ZN7TwoWire4peekEv
                0x00000656       0x4e ./arduinolib/Wire/Wire.o
                0x00000656                TwoWire::peek()
 .text._ZN7TwoWire5flushEv
                0x000006a4       0x18 ./arduinolib/Wire/Wire.o
                0x000006a4                TwoWire::flush()
 .text._Z41__static_initialization_and_destruction_0ii
                0x000006bc       0x3e ./arduinolib/Wire/Wire.o
 .text._GLOBAL__I__ZN7TwoWire8rxBufferE
                0x000006fa       0x18 ./arduinolib/Wire/Wire.o
 .text._ZN7TwoWire5writeEPKhj
                0x00000712       0x90 ./arduinolib/Wire/Wire.o
                0x00000712                TwoWire::write(unsigned char const*, unsigned int)
 .text._ZN7TwoWire5writeEh
                0x000007a2       0x7e ./arduinolib/Wire/Wire.o
                0x000007a2                TwoWire::write(unsigned char)
 .text._Z10DebugPulsehh
                0x00000820       0x18 ./arduinolib/SoftwareSerial/SoftwareSerial.o
                0x00000820                DebugPulse(unsigned char, unsigned char)
 .text._ZN14SoftwareSerial10tunedDelayEj
                0x00000838       0x34 ./arduinolib/SoftwareSerial/SoftwareSerial.o
                0x00000838                SoftwareSerial::tunedDelay(unsigned int)
 .text._ZN14SoftwareSerial11rx_pin_readEv
                0x0000086c       0x2c ./arduinolib/SoftwareSerial/SoftwareSerial.o
                0x0000086c                SoftwareSerial::rx_pin_read()
 .text._ZN14SoftwareSerial4recvEv
                0x00000898      0x156 ./arduinolib/SoftwareSerial/SoftwareSerial.o
                0x00000898                SoftwareSerial::recv()
 .text._ZN14SoftwareSerial16handle_interruptEv
                0x000009ee       0x24 ./arduinolib/SoftwareSerial/SoftwareSerial.o
                0x000009ee                SoftwareSerial::handle_interrupt()
 .text.__vector_3
                0x00000a12       0x52 ./arduinolib/SoftwareSerial/SoftwareSerial.o
                0x00000a12                __vector_3
 .text.__vector_4
                0x00000a64       0x52 ./arduinolib/SoftwareSerial/SoftwareSerial.o
                0x00000a64                __vector_4
 .text.__vector_5
                0x00000ab6       0x52 ./arduinolib/SoftwareSerial/SoftwareSerial.o
                0x00000ab6                __vector_5
 .text._ZL17handle_interrupts18timer16_Sequence_tPVjS1_
                0x00000b08      0x2f2 ./arduinolib/Servo/Servo.o
 .text.__vector_11
                0x00000dfa       0x5e ./arduinolib/Servo/Servo.o
                0x00000dfa                __vector_11
 .text._ZNK7Sd2Card4typeEv
                0x00000e58       0x1e ./arduinolib/SD/utility/Sd2Card.o
                0x00000e58                Sd2Card::type() const
 .text._ZN7Sd2Card5errorEh
                0x00000e76       0x26 ./arduinolib/SD/utility/Sd2Card.o
                0x00000e76                Sd2Card::error(unsigned char)
 .text._ZL7spiSendh
                0x00000e9c       0x34 ./arduinolib/SD/utility/Sd2Card.o
 .text._ZL6spiRecv
                0x00000ed0       0x18 ./arduinolib/SD/utility/Sd2Card.o
 .text._ZN7Sd2Card11waitNotBusyEj
                0x00000ee8       0x7e ./arduinolib/SD/utility/Sd2Card.o
                0x00000ee8                Sd2Card::waitNotBusy(unsigned int)
 .text._ZN7Sd2Card13chipSelectLowEv
                0x00000f66       0x24 ./arduinolib/SD/utility/Sd2Card.o
                0x00000f66                Sd2Card::chipSelectLow()
 .text._ZN7Sd2Card14chipSelectHighEv
                0x00000f8a       0x24 ./arduinolib/SD/utility/Sd2Card.o
                0x00000f8a                Sd2Card::chipSelectHigh()
 .text._ZN7Sd2Card9writeDataEhPKh
                0x00000fae      0x104 ./arduinolib/SD/utility/Sd2Card.o
                0x00000fae                Sd2Card::writeData(unsigned char, unsigned char const*)
 .text._ZN7Sd2Card14waitStartBlockEv
                0x000010b2       0xae ./arduinolib/SD/utility/Sd2Card.o
                0x000010b2                Sd2Card::waitStartBlock()
 .text._ZN7Sd2Card7readEndEv
                0x00001160       0xb2 ./arduinolib/SD/utility/Sd2Card.o
                0x00001160                Sd2Card::readEnd()
 .text._ZN7Sd2Card11cardCommandEhm
                0x00001212       0xd6 ./arduinolib/SD/utility/Sd2Card.o
                0x00001212                Sd2Card::cardCommand(unsigned char, unsigned long)
 .text._ZN7Sd2Card10writeBlockEmPKh
                0x000012e8      0x13e ./arduinolib/SD/utility/Sd2Card.o
                0x000012e8                Sd2Card::writeBlock(unsigned long, unsigned char const*)
 .text._ZN7Sd2Card8readDataEmjjPh
                0x00001426      0x26a ./arduinolib/SD/utility/Sd2Card.o
                0x00001426                Sd2Card::readData(unsigned long, unsigned int, unsigned int, unsigned char*)
 .text._ZN7Sd2Card9readBlockEmPh
                0x00001690       0x66 ./arduinolib/SD/utility/Sd2Card.o
                0x00001690                Sd2Card::readBlock(unsigned long, unsigned char*)
 .text._ZN6SdFileC1Ev
                0x000016f6       0x32 ./arduinolib/SD/utility/SdFile.o
                0x000016f6                SdFile::SdFile()
 .text._ZNK6SdFile5isDirEv
                0x00001728       0x2e ./arduinolib/SD/utility/SdFile.o
                0x00001728                SdFile::isDir() const
 .text._ZNK6SdFile6isFileEv
                0x00001756       0x2e ./arduinolib/SD/utility/SdFile.o
                0x00001756                SdFile::isFile() const
 .text._ZNK6SdFile6isOpenEv
                0x00001784       0x30 ./arduinolib/SD/utility/SdFile.o
                0x00001784                SdFile::isOpen() const
 .text._ZNK8SdVolume14blockOfClusterEm
                0x000017b4       0x52 ./arduinolib/SD/utility/SdFile.o
                0x000017b4                SdVolume::blockOfCluster(unsigned long) const
 .text._ZNK8SdVolume17clusterStartBlockEm
                0x00001806       0x98 ./arduinolib/SD/utility/SdFile.o
                0x00001806                SdVolume::clusterStartBlock(unsigned long) const
 .text._ZN8SdVolume13cacheSetDirtyEv
                0x0000189e       0x18 ./arduinolib/SD/utility/SdFile.o
                0x0000189e                SdVolume::cacheSetDirty()
 .text._ZNK8SdVolume5isEOCEm
                0x000018b6       0x80 ./arduinolib/SD/utility/SdFile.o
                0x000018b6                SdVolume::isEOC(unsigned long) const
 .text._ZN6SdFile7seekSetEm
                0x00001936      0x24a ./arduinolib/SD/utility/SdFile.o
                0x00001936                SdFile::seekSet(unsigned long)
 .text._ZN6SdFile7seekEndEv
                0x00001b80       0x2e ./arduinolib/SD/utility/SdFile.o
                0x00001b80                SdFile::seekEnd()
 .text._ZN6SdFile13cacheDirEntryEh
                0x00001bae       0x78 ./arduinolib/SD/utility/SdFile.o
                0x00001bae                SdFile::cacheDirEntry(unsigned char)
 .text._ZN6SdFile4syncEv
                0x00001c26      0x116 ./arduinolib/SD/utility/SdFile.o
                0x00001c26                SdFile::sync()
 .text._ZN8SdVolume10writeBlockEmPKh
                0x00001d3c       0x52 ./arduinolib/SD/utility/SdFile.o
                0x00001d3c                SdVolume::writeBlock(unsigned long, unsigned char const*)
 .text._ZN8SdVolume9fatPutEOCEm
                0x00001d8e       0x4e ./arduinolib/SD/utility/SdFile.o
                0x00001d8e                SdVolume::fatPutEOC(unsigned long)
 .text._ZN6SdFile10addClusterEv
                0x00001ddc       0x90 ./arduinolib/SD/utility/SdFile.o
                0x00001ddc                SdFile::addCluster()
 .text._ZN6SdFile5writeEPKvj
                0x00001e6c      0x48e ./arduinolib/SD/utility/SdFile.o
                0x00001e6c                SdFile::write(void const*, unsigned int)
 .text._ZN6SdFile5writeEh
                0x000022fa       0x30 ./arduinolib/SD/utility/SdFile.o
                0x000022fa                SdFile::write(unsigned char)
 .text._ZN8SdVolume10cacheFlushEv
                0x0000232a       0xc8 ./arduinolib/SD/utility/SdVolume.o
                0x0000232a                SdVolume::cacheFlush()
 .text._ZN8SdVolume13cacheRawBlockEmh
                0x000023f2       0xc2 ./arduinolib/SD/utility/SdVolume.o
                0x000023f2                SdVolume::cacheRawBlock(unsigned long, unsigned char)
 .text._ZN8SdVolume6fatPutEmm
                0x000024b4      0x1e0 ./arduinolib/SD/utility/SdVolume.o
                0x000024b4                SdVolume::fatPut(unsigned long, unsigned long)
 .text._ZNK8SdVolume6fatGetEmPm
                0x00002694      0x19a ./arduinolib/SD/utility/SdVolume.o
                0x00002694                SdVolume::fatGet(unsigned long, unsigned long*) const
 .text._ZN8SdVolume15allocContiguousEmPm
                0x0000282e      0x2fa ./arduinolib/SD/utility/SdVolume.o
                0x0000282e                SdVolume::allocContiguous(unsigned long, unsigned long*)
 .text._ZN7Sd2CardC1Ev
                0x00002b28       0x30 ./arduinolib/SD/SD.o
                0x00002b28                Sd2Card::Sd2Card()
 .text._ZN8SdVolumeC1Ev
                0x00002b58       0x32 ./arduinolib/SD/SD.o
                0x00002b58                SdVolume::SdVolume()
 .text._ZN7SDClassC1Ev
                0x00002b8a       0x30 ./arduinolib/SD/SD.o
                0x00002b8a                SDClass::SDClass()
 .text._Z41__static_initialization_and_destruction_0ii
                0x00002bba       0x3e ./arduinolib/SD/SD.o
 .text._GLOBAL__I__Z20getNextPathComponentPcPjS_
                0x00002bf8       0x18 ./arduinolib/SD/SD.o
 .text._ZN12FirmataClass11systemResetEv
                0x00002c10       0x78 ./arduinolib/Firmata/Firmata.o
                0x00002c10                FirmataClass::systemReset()
 .text._ZN12FirmataClassC1ER6Stream
                0x00002c88       0x3a ./arduinolib/Firmata/Firmata.o
                0x00002c88                FirmataClass::FirmataClass(Stream&)
 .text._Z41__static_initialization_and_destruction_0ii
                0x00002cc2       0x44 ./arduinolib/Firmata/Firmata.o
 .text._GLOBAL__I__ZN12FirmataClass23sendValueAsTwo7bitBytesEi
                0x00002d06       0x18 ./arduinolib/Firmata/Firmata.o
 .text._Z41__static_initialization_and_destruction_0ii
                0x00002d1e       0x4a ./arduinolib/Ethernet/Dhcp.o
 .text._GLOBAL__I__ZN9DhcpClass13beginWithDHCPEPhmm
                0x00002d68       0x18 ./arduinolib/Ethernet/Dhcp.o
 .text._Z41__static_initialization_and_destruction_0ii
                0x00002d80       0x4a ./arduinolib/Ethernet/Dns.o
 .text._GLOBAL__I__ZN9DNSClient5beginERK9IPAddress
                0x00002dca       0x18 ./arduinolib/Ethernet/Dns.o
 .text._ZN13EthernetClassC1Ev
                0x00002de2       0x1e ./arduinolib/Ethernet/Ethernet.o
                0x00002de2                EthernetClass::EthernetClass()
 .text._Z41__static_initialization_and_destruction_0ii
                0x00002e00       0x50 ./arduinolib/Ethernet/Ethernet.o
 .text._GLOBAL__I__ZN13EthernetClass6_stateE
                0x00002e50       0x18 ./arduinolib/Ethernet/Ethernet.o
 .text._Z41__static_initialization_and_destruction_0ii
                0x00002e68       0x4a ./arduinolib/Ethernet/EthernetClient.o
 .text._GLOBAL__I__ZN14EthernetClient8_srcportE
                0x00002eb2       0x18 ./arduinolib/Ethernet/EthernetClient.o
 .text._Z41__static_initialization_and_destruction_0ii
                0x00002eca       0x4a ./arduinolib/Ethernet/EthernetServer.o
 .text._GLOBAL__I__ZN14EthernetServerC2Ej
                0x00002f14       0x18 ./arduinolib/Ethernet/EthernetServer.o
 .text._Z41__static_initialization_and_destruction_0ii
                0x00002f2c       0x4a ./arduinolib/Ethernet/EthernetUdp.o
 .text._GLOBAL__I__ZN11EthernetUDPC2Ev
                0x00002f76       0x18 ./arduinolib/Ethernet/EthernetUdp.o
 .text._Z10store_charhP11ring_buffer
                0x00002f8e       0x90 C:\Users\Administrator\workspace\arduino_core\uno\libarduino_core.a(HardwareSerial.o)
                0x00002f8e                store_char(unsigned char, ring_buffer*)
 .text._Z11serialEventv
                0x0000301e        0xe C:\Users\Administrator\workspace\arduino_core\uno\libarduino_core.a(HardwareSerial.o)
                0x0000301e                serialEvent()
 .text.__vector_18
                0x0000302c       0x94 C:\Users\Administrator\workspace\arduino_core\uno\libarduino_core.a(HardwareSerial.o)
                0x0000302c                __vector_18
 .text.__vector_19
                0x000030c0       0xa8 C:\Users\Administrator\workspace\arduino_core\uno\libarduino_core.a(HardwareSerial.o)
                0x000030c0                __vector_19
 .text._ZN14HardwareSerialC1EP11ring_bufferS1_PVhS3_S3_S3_S3_S3_hhhhh
                0x00003168      0x10e C:\Users\Administrator\workspace\arduino_core\uno\libarduino_core.a(HardwareSerial.o)
                0x00003168                HardwareSerial::HardwareSerial(ring_buffer*, ring_buffer*, unsigned char volatile*, unsigned char volatile*, unsigned char volatile*, unsigned char volatile*, unsigned char volatile*, unsigned char volatile*, unsigned char, unsigned char, unsigned char, unsigned char, unsigned char)
 .text._ZN14HardwareSerial9availableEv
                0x00003276       0x4c C:\Users\Administrator\workspace\arduino_core\uno\libarduino_core.a(HardwareSerial.o)
                0x00003276                HardwareSerial::available()
 .text._Z14serialEventRunv
                0x000032c2       0x2a C:\Users\Administrator\workspace\arduino_core\uno\libarduino_core.a(HardwareSerial.o)
                0x000032c2                serialEventRun()
 .text._ZN14HardwareSerial4peekEv
                0x000032ec       0x90 C:\Users\Administrator\workspace\arduino_core\uno\libarduino_core.a(HardwareSerial.o)
                0x000032ec                HardwareSerial::peek()
 .text._ZN14HardwareSerial4readEv
                0x0000337c       0xc0 C:\Users\Administrator\workspace\arduino_core\uno\libarduino_core.a(HardwareSerial.o)
                0x0000337c                HardwareSerial::read()
 .text._ZN14HardwareSerial5flushEv
                0x0000343c       0x56 C:\Users\Administrator\workspace\arduino_core\uno\libarduino_core.a(HardwareSerial.o)
                0x0000343c                HardwareSerial::flush()
 .text._ZN14HardwareSerial5writeEh
                0x00003492       0xfc C:\Users\Administrator\workspace\arduino_core\uno\libarduino_core.a(HardwareSerial.o)
                0x00003492                HardwareSerial::write(unsigned char)
 .text._Z41__static_initialization_and_destruction_0ii
                0x0000358e       0xd0 C:\Users\Administrator\workspace\arduino_core\uno\libarduino_core.a(HardwareSerial.o)
 .text._GLOBAL__I_rx_buffer
                0x0000365e       0x18 C:\Users\Administrator\workspace\arduino_core\uno\libarduino_core.a(HardwareSerial.o)
 .text._ZN9PrintableC2Ev
                0x00003676       0x24 C:\Users\Administrator\workspace\arduino_core\uno\libarduino_core.a(IPAddress.o)
                0x00003676                Printable::Printable()
 .text._ZN9IPAddressC1Ehhhh
                0x0000369a       0x62 C:\Users\Administrator\workspace\arduino_core\uno\libarduino_core.a(IPAddress.o)
                0x0000369a                IPAddress::IPAddress(unsigned char, unsigned char, unsigned char, unsigned char)
 .text._Z41__static_initialization_and_destruction_0ii
                0x000036fc       0x4a C:\Users\Administrator\workspace\arduino_core\uno\libarduino_core.a(IPAddress.o)
 .text._GLOBAL__I__ZN9IPAddressC2Ev
                0x00003746       0x18 C:\Users\Administrator\workspace\arduino_core\uno\libarduino_core.a(IPAddress.o)
 .text._ZNK9IPAddress7printToER5Print
                0x0000375e       0xb2 C:\Users\Administrator\workspace\arduino_core\uno\libarduino_core.a(IPAddress.o)
                0x0000375e                IPAddress::printTo(Print&) const
 .text._ZN9IPAddressC1Ev
                0x00003810       0x3c C:\Users\Administrator\workspace\arduino_core\uno\libarduino_core.a(IPAddress.o)
                0x00003810                IPAddress::IPAddress()
 .text._ZN5Print5writeEPKhj
                0x0000384c       0x90 C:\Users\Administrator\workspace\arduino_core\uno\libarduino_core.a(Print.o)
                0x0000384c                Print::write(unsigned char const*, unsigned int)
 .text._ZN5Print5printEc
                0x000038dc       0x38 C:\Users\Administrator\workspace\arduino_core\uno\libarduino_core.a(Print.o)
                0x000038dc                Print::print(char)
 .text._ZN5Print5writeEPKc
                0x00003914       0x78 C:\Users\Administrator\workspace\arduino_core\uno\libarduino_core.a(Print.o)
                0x00003914                Print::write(char const*)
 .text._ZN5Print11printNumberEmh
                0x0000398c       0xf0 C:\Users\Administrator\workspace\arduino_core\uno\libarduino_core.a(Print.o)
                0x0000398c                Print::printNumber(unsigned long, unsigned char)
 .text._ZN5Print5printEmi
                0x00003a7c       0x7c C:\Users\Administrator\workspace\arduino_core\uno\libarduino_core.a(Print.o)
                0x00003a7c                Print::print(unsigned long, int)
 .text._ZN5Print5printEhi
                0x00003af8       0x42 C:\Users\Administrator\workspace\arduino_core\uno\libarduino_core.a(Print.o)
                0x00003af8                Print::print(unsigned char, int)
 .text.main     0x00003b3a       0x1e C:\Users\Administrator\workspace\arduino_core\uno\libarduino_core.a(main.o)
                0x00003b3a                main
 .text.__cxa_pure_virtual
                0x00003b58        0xe C:\Users\Administrator\workspace\arduino_core\uno\libarduino_core.a(new.o)
                0x00003b58                __cxa_pure_virtual
 .text.__vector_16
                0x00003b66       0x90 C:\Users\Administrator\workspace\arduino_core\uno\libarduino_core.a(wiring.o)
                0x00003b66                __vector_16
 .text.millis   0x00003bf6       0x1c C:\Users\Administrator\workspace\arduino_core\uno\libarduino_core.a(wiring.o)
                0x00003bf6                millis
 .text.delay    0x00003c12       0xb2 C:\Users\Administrator\workspace\arduino_core\uno\libarduino_core.a(wiring.o)
                0x00003c12                delay
 .text.init     0x00003cc4       0x76 C:\Users\Administrator\workspace\arduino_core\uno\libarduino_core.a(wiring.o)
                0x00003cc4                init
 .text.pinMode  0x00003d3a       0x7e C:\Users\Administrator\workspace\arduino_core\uno\libarduino_core.a(wiring_digital.o)
                0x00003d3a                pinMode
 .text.digitalWrite
                0x00003db8       0xa8 C:\Users\Administrator\workspace\arduino_core\uno\libarduino_core.a(wiring_digital.o)
                0x00003db8                digitalWrite
 .text.libgcc   0x00003e60       0x3e d:/program files/arduino-1.0.5/hardware/tools/avr/bin/../lib/gcc/avr/4.3.2/avr5\libgcc.a(_mulsi3.o)
                0x00003e60                __mulsi3
 .text.libgcc   0x00003e9e       0x26 d:/program files/arduino-1.0.5/hardware/tools/avr/bin/../lib/gcc/avr/4.3.2/avr5\libgcc.a(_divmodhi4.o)
                0x00003e9e                __divmodhi4
                0x00003e9e                _div
 .text.libgcc   0x00003ec4       0x44 d:/program files/arduino-1.0.5/hardware/tools/avr/bin/../lib/gcc/avr/4.3.2/avr5\libgcc.a(_udivmodsi4.o)
                0x00003ec4                __udivmodsi4
 .text.libgcc   0x00003f08       0x28 d:/program files/arduino-1.0.5/hardware/tools/avr/bin/../lib/gcc/avr/4.3.2/avr5\libgcc.a(_udivmodhi4.o)
                0x00003f08                __udivmodhi4
 .text.libgcc   0x00003f30        0xc d:/program files/arduino-1.0.5/hardware/tools/avr/bin/../lib/gcc/avr/4.3.2/avr5\libgcc.a(_tablejump.o)
                0x00003f34                __tablejump__
                0x00003f30                __tablejump2__
                0x00003f3c                . = ALIGN (0x2)
 *(.fini9)
 .fini9         0x00003f3c        0x0 d:/program files/arduino-1.0.5/hardware/tools/avr/bin/../lib/gcc/avr/4.3.2/avr5\libgcc.a(_exit.o)
                0x00003f3c                exit
                0x00003f3c                _exit
 *(.fini9)
 *(.fini8)
 *(.fini8)
 *(.fini7)
 *(.fini7)
 *(.fini6)
 *(.fini6)
 *(.fini5)
 *(.fini5)
 *(.fini4)
 *(.fini4)
 *(.fini3)
 *(.fini3)
 *(.fini2)
 *(.fini2)
 *(.fini1)
 *(.fini1)
 *(.fini0)
 .fini0         0x00003f3c        0x4 d:/program files/arduino-1.0.5/hardware/tools/avr/bin/../lib/gcc/avr/4.3.2/avr5\libgcc.a(_exit.o)
 *(.fini0)
                0x00003f40                _etext = .

.data           0x00800100       0x52 load address 0x00003f40
                0x00800100                PROVIDE (__data_start, .)
 *(.data)
 *(.data*)
 .data.led      0x00800100        0x2 ./src/demo.o
                0x00800100                led
 .data._ZN8SdVolume17cacheBlockNumber_E
                0x00800102        0x4 ./arduinolib/SD/utility/SdVolume.o
                0x00800102                SdVolume::cacheBlockNumber_
 *(.rodata)
 *(.rodata*)
 .rodata._ZTV7TwoWire
                0x00800106       0x10 ./arduinolib/Wire/Wire.o
                0x00800106                vtable for TwoWire
 .rodata._ZTV6Stream
                0x00800116       0x10 ./arduinolib/Wire/Wire.o
                0x00800116                vtable for Stream
 .rodata._ZTV6SdFile
                0x00800126        0x8 ./arduinolib/SD/utility/SdFile.o
                0x00800126                vtable for SdFile
 .rodata._ZTV9Printable
                0x0080012e        0x6 ./arduinolib/Ethernet/Dhcp.o
                0x0080012e                vtable for Printable
 .rodata._ZTV14HardwareSerial
                0x00800134       0x10 C:\Users\Administrator\workspace\arduino_core\uno\libarduino_core.a(HardwareSerial.o)
                0x00800134                vtable for HardwareSerial
 .rodata._ZTV9IPAddress
                0x00800144        0x6 C:\Users\Administrator\workspace\arduino_core\uno\libarduino_core.a(IPAddress.o)
                0x00800144                vtable for IPAddress
 .rodata._ZTV5Print
                0x0080014a        0x8 C:\Users\Administrator\workspace\arduino_core\uno\libarduino_core.a(Print.o)
                0x0080014a                vtable for Print
 *(.gnu.linkonce.d*)
                0x00800152                . = ALIGN (0x2)
                0x00800152                _edata = .
                0x00800152                PROVIDE (__data_end, .)

.bss            0x00800152      0x49b
                0x00800152                PROVIDE (__bss_start, .)
 *(.bss)
 *(.bss*)
 .bss.twi_state
                0x00800152        0x1 ./arduinolib/Wire/utility/twi.o
 .bss.twi_slarw
                0x00800153        0x1 ./arduinolib/Wire/utility/twi.o
 .bss.twi_sendStop
                0x00800154        0x1 ./arduinolib/Wire/utility/twi.o
 .bss.twi_inRepStart
                0x00800155        0x1 ./arduinolib/Wire/utility/twi.o
 .bss.twi_onSlaveTransmit
                0x00800156        0x2 ./arduinolib/Wire/utility/twi.o
 .bss.twi_onSlaveReceive
                0x00800158        0x2 ./arduinolib/Wire/utility/twi.o
 .bss.twi_masterBuffer
                0x0080015a       0x20 ./arduinolib/Wire/utility/twi.o
 .bss.twi_masterBufferIndex
                0x0080017a        0x1 ./arduinolib/Wire/utility/twi.o
 .bss.twi_masterBufferLength
                0x0080017b        0x1 ./arduinolib/Wire/utility/twi.o
 .bss.twi_txBuffer
                0x0080017c       0x20 ./arduinolib/Wire/utility/twi.o
 .bss.twi_txBufferIndex
                0x0080019c        0x1 ./arduinolib/Wire/utility/twi.o
 .bss.twi_txBufferLength
                0x0080019d        0x1 ./arduinolib/Wire/utility/twi.o
 .bss.twi_rxBuffer
                0x0080019e       0x20 ./arduinolib/Wire/utility/twi.o
 .bss.twi_rxBufferIndex
                0x008001be        0x1 ./arduinolib/Wire/utility/twi.o
 .bss.twi_error
                0x008001bf        0x1 ./arduinolib/Wire/utility/twi.o
 .bss._ZN7TwoWire8rxBufferE
                0x008001c0       0x20 ./arduinolib/Wire/Wire.o
                0x008001c0                TwoWire::rxBuffer
 .bss._ZN7TwoWire13rxBufferIndexE
                0x008001e0        0x1 ./arduinolib/Wire/Wire.o
                0x008001e0                TwoWire::rxBufferIndex
 .bss._ZN7TwoWire14rxBufferLengthE
                0x008001e1        0x1 ./arduinolib/Wire/Wire.o
                0x008001e1                TwoWire::rxBufferLength
 .bss._ZN7TwoWire8txBufferE
                0x008001e2       0x20 ./arduinolib/Wire/Wire.o
                0x008001e2                TwoWire::txBuffer
 .bss._ZN7TwoWire13txBufferIndexE
                0x00800202        0x1 ./arduinolib/Wire/Wire.o
                0x00800202                TwoWire::txBufferIndex
 .bss._ZN7TwoWire14txBufferLengthE
                0x00800203        0x1 ./arduinolib/Wire/Wire.o
                0x00800203                TwoWire::txBufferLength
 .bss._ZN7TwoWire12transmittingE
                0x00800204        0x1 ./arduinolib/Wire/Wire.o
                0x00800204                TwoWire::transmitting
 .bss.Wire      0x00800205        0xc ./arduinolib/Wire/Wire.o
                0x00800205                Wire
 .bss._ZN14SoftwareSerial13active_objectE
                0x00800211        0x2 ./arduinolib/SoftwareSerial/SoftwareSerial.o
                0x00800211                SoftwareSerial::active_object
 .bss._ZN14SoftwareSerial15_receive_bufferE
                0x00800213       0x40 ./arduinolib/SoftwareSerial/SoftwareSerial.o
                0x00800213                SoftwareSerial::_receive_buffer
 .bss._ZN14SoftwareSerial20_receive_buffer_tailE
                0x00800253        0x1 ./arduinolib/SoftwareSerial/SoftwareSerial.o
                0x00800253                SoftwareSerial::_receive_buffer_tail
 .bss._ZN14SoftwareSerial20_receive_buffer_headE
                0x00800254        0x1 ./arduinolib/SoftwareSerial/SoftwareSerial.o
                0x00800254                SoftwareSerial::_receive_buffer_head
 .bss.ServoCount
                0x00800255        0x1 ./arduinolib/Servo/Servo.o
                0x00800255                ServoCount
 .bss._ZL6servos
                0x00800256       0x24 ./arduinolib/Servo/Servo.o
 .bss._ZL7Channel
                0x0080027a        0x1 ./arduinolib/Servo/Servo.o
 .bss._ZN6SdFile9dateTime_E
                0x0080027b        0x2 ./arduinolib/SD/utility/SdFile.o
                0x0080027b                SdFile::dateTime_
 .bss._ZN8SdVolume12cacheBuffer_E
                0x0080027d      0x200 ./arduinolib/SD/utility/SdVolume.o
                0x0080027d                SdVolume::cacheBuffer_
 .bss._ZN8SdVolume7sdCard_E
                0x0080047d        0x2 ./arduinolib/SD/utility/SdVolume.o
                0x0080047d                SdVolume::sdCard_
 .bss._ZN8SdVolume11cacheDirty_E
                0x0080047f        0x1 ./arduinolib/SD/utility/SdVolume.o
                0x0080047f                SdVolume::cacheDirty_
 .bss._ZN8SdVolume17cacheMirrorBlock_E
                0x00800480        0x4 ./arduinolib/SD/utility/SdVolume.o
                0x00800480                SdVolume::cacheMirrorBlock_
 .bss.SD        0x00800484       0x49 ./arduinolib/SD/SD.o
                0x00800484                SD
 .bss.Firmata   0x008004cd       0x3b ./arduinolib/Firmata/Firmata.o
                0x008004cd                Firmata
 .bss._ZL11INADDR_NONE
                0x00800508        0x6 ./arduinolib/Ethernet/Dhcp.o
 .bss._ZL11INADDR_NONE
                0x0080050e        0x6 ./arduinolib/Ethernet/Dns.o
 .bss.Ethernet  0x00800514        0x8 ./arduinolib/Ethernet/Ethernet.o
                0x00800514                Ethernet
 .bss._ZL11INADDR_NONE
                0x0080051c        0x6 ./arduinolib/Ethernet/Ethernet.o
 .bss._ZL11INADDR_NONE
                0x00800522        0x6 ./arduinolib/Ethernet/EthernetClient.o
 .bss._ZL11INADDR_NONE
                0x00800528        0x6 ./arduinolib/Ethernet/EthernetServer.o
 .bss._ZL11INADDR_NONE
                0x0080052e        0x6 ./arduinolib/Ethernet/EthernetUdp.o
 .bss.rx_buffer
                0x00800534       0x44 C:\Users\Administrator\workspace\arduino_core\uno\libarduino_core.a(HardwareSerial.o)
                0x00800534                rx_buffer
 .bss.tx_buffer
                0x00800578       0x44 C:\Users\Administrator\workspace\arduino_core\uno\libarduino_core.a(HardwareSerial.o)
                0x00800578                tx_buffer
 .bss.Serial    0x008005bc       0x22 C:\Users\Administrator\workspace\arduino_core\uno\libarduino_core.a(HardwareSerial.o)
                0x008005bc                Serial
 .bss._ZL11INADDR_NONE
                0x008005de        0x6 C:\Users\Administrator\workspace\arduino_core\uno\libarduino_core.a(IPAddress.o)
 .bss.timer0_overflow_count
                0x008005e4        0x4 C:\Users\Administrator\workspace\arduino_core\uno\libarduino_core.a(wiring.o)
                0x008005e4                timer0_overflow_count
 .bss.timer0_millis
                0x008005e8        0x4 C:\Users\Administrator\workspace\arduino_core\uno\libarduino_core.a(wiring.o)
                0x008005e8                timer0_millis
 .bss.timer0_fract
                0x008005ec        0x1 C:\Users\Administrator\workspace\arduino_core\uno\libarduino_core.a(wiring.o)
 *(COMMON)
                0x008005ed                PROVIDE (__bss_end, .)
                0x00003f40                __data_load_start = LOADADDR (.data)
                0x00003f92                __data_load_end = (__data_load_start + SIZEOF (.data))

.noinit         0x008005ed        0x0
                0x008005ed                PROVIDE (__noinit_start, .)
 *(.noinit*)
                0x008005ed                PROVIDE (__noinit_end, .)
                0x008005ed                _end = .
                0x008005ed                PROVIDE (__heap_start, .)

.eeprom         0x00810000        0x0
 *(.eeprom*)
                0x00810000                __eeprom_end = .

.fuse
 *(.fuse)
 *(.lfuse)
 *(.hfuse)
 *(.efuse)

.lock
 *(.lock*)

.signature
 *(.signature*)

.stab           0x00000000     0xe3a0
 *(.stab)
 .stab          0x00000000      0x5dc ./src/demo.o
 .stab          0x000005dc      0x6d8 ./arduinolib/Wire/utility/twi.o
                                0xce4 (size before relaxing)
 .stab          0x00000cb4      0x894 ./arduinolib/Wire/Wire.o
                                0xf90 (size before relaxing)
 .stab          0x00001548      0x48c ./arduinolib/Stepper/Stepper.o
                                0xc6c (size before relaxing)
 .stab          0x000019d4      0x8ac ./arduinolib/SoftwareSerial/SoftwareSerial.o
                               0x1548 (size before relaxing)
 .stab          0x00002280      0x6e4 ./arduinolib/Servo/Servo.o
                                0xd2c (size before relaxing)
 .stab          0x00002964      0x48c ./arduinolib/SPI/SPI.o
                                0x6d8 (size before relaxing)
 .stab          0x00002df0      0xe28 ./arduinolib/SD/utility/Sd2Card.o
                               0x1c08 (size before relaxing)
 .stab          0x00003c18      0xf78 ./arduinolib/SD/utility/SdFile.o
                               0x37bc (size before relaxing)
 .stab          0x00004b90     0x111c ./arduinolib/SD/utility/SdVolume.o
                               0x1560 (size before relaxing)
 .stab          0x00005cac      0x750 ./arduinolib/SD/File.o
                               0x17e8 (size before relaxing)
 .stab          0x000063fc      0x7e0 ./arduinolib/SD/SD.o
                               0x1eb4 (size before relaxing)
 .stab          0x00006bdc      0x4c8 ./arduinolib/LiquidCrystal/LiquidCrystal.o
                               0x1674 (size before relaxing)
 .stab          0x000070a4      0x648 ./arduinolib/Firmata/Firmata.o
                               0x1554 (size before relaxing)
 .stab          0x000076ec      0x51c ./arduinolib/Ethernet/utility/socket.o
                               0x1560 (size before relaxing)
 .stab          0x00007c08      0x51c ./arduinolib/Ethernet/utility/w5100.o
                               0x13bc (size before relaxing)
 .stab          0x00008124      0x60c ./arduinolib/Ethernet/Dhcp.o
                               0x1734 (size before relaxing)
 .stab          0x00008730      0x5dc ./arduinolib/Ethernet/Dns.o
                               0x12cc (size before relaxing)
 .stab          0x00008d0c      0x66c ./arduinolib/Ethernet/Ethernet.o
                               0x12cc (size before relaxing)
 .stab          0x00009378      0x720 ./arduinolib/Ethernet/EthernetClient.o
                               0x1224 (size before relaxing)
 .stab          0x00009a98      0x6a8 ./arduinolib/Ethernet/EthernetServer.o
                                0xd8c (size before relaxing)
 .stab          0x0000a140      0x6e4 ./arduinolib/Ethernet/EthernetUdp.o
                               0x1224 (size before relaxing)
 .stab          0x0000a824      0x498 ./arduinolib/EEPROM/EEPROM.o
                                0x720 (size before relaxing)
 .stab          0x0000acbc      0x138 C:\Users\Administrator\workspace\arduino_core\uno\libarduino_core.a(malloc.o)
                                0x714 (size before relaxing)
 .stab          0x0000adf4      0xc18 C:\Users\Administrator\workspace\arduino_core\uno\libarduino_core.a(HardwareSerial.o)
                               0x10d4 (size before relaxing)
 .stab          0x0000ba0c      0x72c C:\Users\Administrator\workspace\arduino_core\uno\libarduino_core.a(IPAddress.o)
                                0xb34 (size before relaxing)
 .stab          0x0000c138      0x7b0 C:\Users\Administrator\workspace\arduino_core\uno\libarduino_core.a(Print.o)
                               0x1548 (size before relaxing)
 .stab          0x0000c8e8      0x1bc C:\Users\Administrator\workspace\arduino_core\uno\libarduino_core.a(WMath.o)
                                0x3d8 (size before relaxing)
 .stab          0x0000caa4      0x3fc C:\Users\Administrator\workspace\arduino_core\uno\libarduino_core.a(WString.o)
                               0x294c (size before relaxing)
 .stab          0x0000cea0      0x57c C:\Users\Administrator\workspace\arduino_core\uno\libarduino_core.a(main.o)
                                0x588 (size before relaxing)
 .stab          0x0000d41c      0x1ec C:\Users\Administrator\workspace\arduino_core\uno\libarduino_core.a(new.o)
                                0x378 (size before relaxing)
 .stab          0x0000d608      0x6fc C:\Users\Administrator\workspace\arduino_core\uno\libarduino_core.a(wiring.o)
                                0xa74 (size before relaxing)
 .stab          0x0000dd04      0x57c C:\Users\Administrator\workspace\arduino_core\uno\libarduino_core.a(wiring_digital.o)
                                0xb1c (size before relaxing)
 .stab          0x0000e280      0x120 C:\Users\Administrator\workspace\arduino_core\uno\libarduino_core.a(realloc.o)
                                0x5ac (size before relaxing)

.stabstr        0x00000000    0x128e9
 *(.stabstr)
 .stabstr       0x00000000    0x128e9 ./src/demo.o

.stab.excl
 *(.stab.excl)

.stab.exclstr
 *(.stab.exclstr)

.stab.index
 *(.stab.index)

.stab.indexstr
 *(.stab.indexstr)

.comment
 *(.comment)

.debug
 *(.debug)

.line
 *(.line)

.debug_srcinfo
 *(.debug_srcinfo)

.debug_sfnames
 *(.debug_sfnames)

.debug_aranges
 *(.debug_aranges)

.debug_pubnames
 *(.debug_pubnames)

.debug_info
 *(.debug_info)
 *(.gnu.linkonce.wi.*)

.debug_abbrev
 *(.debug_abbrev)

.debug_line
 *(.debug_line)

.debug_frame
 *(.debug_frame)

.debug_str
 *(.debug_str)

.debug_loc
 *(.debug_loc)

.debug_macinfo
 *(.debug_macinfo)
OUTPUT(demo.elf elf32-avr)
LOAD linker stubs

Cross Reference Table

Symbol                                            File
Client::Client()                                  ./arduinolib/Ethernet/EthernetClient.o
Client::Client(Client const&)                     ./arduinolib/Ethernet/EthernetServer.o
Client::rawIPAddress(IPAddress&)                  ./arduinolib/Ethernet/EthernetClient.o
DNSClient::BuildRequest(char const*)              ./arduinolib/Ethernet/Dns.o
DNSClient::DNSClient()                            ./arduinolib/Ethernet/EthernetClient.o
DNSClient::ProcessResponse(unsigned int, IPAddress&) ./arduinolib/Ethernet/Dns.o
DNSClient::begin(IPAddress const&)                ./arduinolib/Ethernet/Dns.o
                                                  ./arduinolib/Ethernet/EthernetUdp.o
                                                  ./arduinolib/Ethernet/EthernetClient.o
DNSClient::getHostByName(char const*, IPAddress&) ./arduinolib/Ethernet/Dns.o
                                                  ./arduinolib/Ethernet/EthernetUdp.o
                                                  ./arduinolib/Ethernet/EthernetClient.o
DNSClient::inet_aton(char const*, IPAddress&)     ./arduinolib/Ethernet/Dns.o
DebugPulse(unsigned char, unsigned char)          ./arduinolib/SoftwareSerial/SoftwareSerial.o
DhcpClass::DhcpClass()                            ./arduinolib/Ethernet/Ethernet.o
DhcpClass::beginWithDHCP(unsigned char*, unsigned long, unsigned long) ./arduinolib/Ethernet/Dhcp.o
                                                  ./arduinolib/Ethernet/Ethernet.o
DhcpClass::checkLease()                           ./arduinolib/Ethernet/Dhcp.o
                                                  ./arduinolib/Ethernet/Ethernet.o
DhcpClass::getDhcpServerIp()                      ./arduinolib/Ethernet/Dhcp.o
DhcpClass::getDnsServerIp()                       ./arduinolib/Ethernet/Dhcp.o
                                                  ./arduinolib/Ethernet/Ethernet.o
DhcpClass::getGatewayIp()                         ./arduinolib/Ethernet/Dhcp.o
                                                  ./arduinolib/Ethernet/Ethernet.o
DhcpClass::getLocalIp()                           ./arduinolib/Ethernet/Dhcp.o
                                                  ./arduinolib/Ethernet/Ethernet.o
DhcpClass::getSubnetMask()                        ./arduinolib/Ethernet/Dhcp.o
                                                  ./arduinolib/Ethernet/Ethernet.o
DhcpClass::parseDHCPResponse(unsigned long, unsigned long&) ./arduinolib/Ethernet/Dhcp.o
DhcpClass::presend_DHCP()                         ./arduinolib/Ethernet/Dhcp.o
DhcpClass::printByte(char*, unsigned char)        ./arduinolib/Ethernet/Dhcp.o
DhcpClass::request_DHCP_lease()                   ./arduinolib/Ethernet/Dhcp.o
DhcpClass::reset_DHCP_lease()                     ./arduinolib/Ethernet/Dhcp.o
DhcpClass::send_DHCP_MESSAGE(unsigned char, unsigned int) ./arduinolib/Ethernet/Dhcp.o
EEPROM                                            ./arduinolib/EEPROM/EEPROM.o
EEPROMClass::read(int)                            ./arduinolib/EEPROM/EEPROM.o
EEPROMClass::write(int, unsigned char)            ./arduinolib/EEPROM/EEPROM.o
Ethernet                                          ./arduinolib/Ethernet/Ethernet.o
                                                  ./arduinolib/Ethernet/EthernetUdp.o
                                                  ./arduinolib/Ethernet/EthernetClient.o
EthernetClass::EthernetClass()                    ./arduinolib/Ethernet/Ethernet.o
EthernetClass::_server_port                       ./arduinolib/Ethernet/Ethernet.o
                                                  ./arduinolib/Ethernet/EthernetUdp.o
                                                  ./arduinolib/Ethernet/EthernetServer.o
                                                  ./arduinolib/Ethernet/EthernetClient.o
EthernetClass::_state                             ./arduinolib/Ethernet/Ethernet.o
EthernetClass::begin(unsigned char*)              ./arduinolib/Ethernet/Ethernet.o
EthernetClass::begin(unsigned char*, IPAddress)   ./arduinolib/Ethernet/Ethernet.o
EthernetClass::begin(unsigned char*, IPAddress, IPAddress) ./arduinolib/Ethernet/Ethernet.o
EthernetClass::begin(unsigned char*, IPAddress, IPAddress, IPAddress) ./arduinolib/Ethernet/Ethernet.o
EthernetClass::begin(unsigned char*, IPAddress, IPAddress, IPAddress, IPAddress) ./arduinolib/Ethernet/Ethernet.o
EthernetClass::dnsServerIP()                      ./arduinolib/Ethernet/Ethernet.o
                                                  ./arduinolib/Ethernet/EthernetUdp.o
                                                  ./arduinolib/Ethernet/EthernetClient.o
EthernetClass::gatewayIP()                        ./arduinolib/Ethernet/Ethernet.o
EthernetClass::localIP()                          ./arduinolib/Ethernet/Ethernet.o
EthernetClass::maintain()                         ./arduinolib/Ethernet/Ethernet.o
EthernetClass::subnetMask()                       ./arduinolib/Ethernet/Ethernet.o
EthernetClient::EthernetClient()                  ./arduinolib/Ethernet/EthernetClient.o
EthernetClient::EthernetClient()                  ./arduinolib/Ethernet/EthernetClient.o
EthernetClient::EthernetClient(EthernetClient const&) ./arduinolib/Ethernet/EthernetServer.o
EthernetClient::EthernetClient(unsigned char)     ./arduinolib/Ethernet/EthernetClient.o
EthernetClient::EthernetClient(unsigned char)     ./arduinolib/Ethernet/EthernetClient.o
                                                  ./arduinolib/Ethernet/EthernetServer.o
EthernetClient::_srcport                          ./arduinolib/Ethernet/EthernetClient.o
EthernetClient::available()                       ./arduinolib/Ethernet/EthernetClient.o
                                                  ./arduinolib/Ethernet/EthernetServer.o
EthernetClient::connect(IPAddress, unsigned int)  ./arduinolib/Ethernet/EthernetClient.o
EthernetClient::connect(char const*, unsigned int) ./arduinolib/Ethernet/EthernetClient.o
EthernetClient::connected()                       ./arduinolib/Ethernet/EthernetClient.o
EthernetClient::flush()                           ./arduinolib/Ethernet/EthernetClient.o
EthernetClient::operator bool()                   ./arduinolib/Ethernet/EthernetClient.o
EthernetClient::peek()                            ./arduinolib/Ethernet/EthernetClient.o
EthernetClient::read()                            ./arduinolib/Ethernet/EthernetClient.o
EthernetClient::read(unsigned char*, unsigned int) ./arduinolib/Ethernet/EthernetClient.o
EthernetClient::status()                          ./arduinolib/Ethernet/EthernetClient.o
                                                  ./arduinolib/Ethernet/EthernetServer.o
EthernetClient::stop()                            ./arduinolib/Ethernet/EthernetClient.o
                                                  ./arduinolib/Ethernet/EthernetServer.o
EthernetClient::write(unsigned char const*, unsigned int) ./arduinolib/Ethernet/EthernetClient.o
                                                  ./arduinolib/Ethernet/EthernetServer.o
EthernetClient::write(unsigned char)              ./arduinolib/Ethernet/EthernetClient.o
EthernetServer::EthernetServer(unsigned int)      ./arduinolib/Ethernet/EthernetServer.o
EthernetServer::EthernetServer(unsigned int)      ./arduinolib/Ethernet/EthernetServer.o
EthernetServer::accept()                          ./arduinolib/Ethernet/EthernetServer.o
EthernetServer::available()                       ./arduinolib/Ethernet/EthernetServer.o
EthernetServer::begin()                           ./arduinolib/Ethernet/EthernetServer.o
EthernetServer::write(unsigned char const*, unsigned int) ./arduinolib/Ethernet/EthernetServer.o
EthernetServer::write(unsigned char)              ./arduinolib/Ethernet/EthernetServer.o
EthernetUDP::EthernetUDP()                        ./arduinolib/Ethernet/EthernetUdp.o
EthernetUDP::EthernetUDP()                        ./arduinolib/Ethernet/EthernetUdp.o
                                                  ./arduinolib/Ethernet/EthernetClient.o
                                                  ./arduinolib/Ethernet/Ethernet.o
EthernetUDP::available()                          ./arduinolib/Ethernet/EthernetUdp.o
                                                  ./arduinolib/Ethernet/Dns.o
                                                  ./arduinolib/Ethernet/Dhcp.o
EthernetUDP::begin(unsigned int)                  ./arduinolib/Ethernet/EthernetUdp.o
                                                  ./arduinolib/Ethernet/Dns.o
                                                  ./arduinolib/Ethernet/Dhcp.o
EthernetUDP::beginPacket(IPAddress, unsigned int) ./arduinolib/Ethernet/EthernetUdp.o
                                                  ./arduinolib/Ethernet/Dns.o
                                                  ./arduinolib/Ethernet/Dhcp.o
EthernetUDP::beginPacket(char const*, unsigned int) ./arduinolib/Ethernet/EthernetUdp.o
EthernetUDP::endPacket()                          ./arduinolib/Ethernet/EthernetUdp.o
                                                  ./arduinolib/Ethernet/Dns.o
                                                  ./arduinolib/Ethernet/Dhcp.o
EthernetUDP::flush()                              ./arduinolib/Ethernet/EthernetUdp.o
                                                  ./arduinolib/Ethernet/Dns.o
                                                  ./arduinolib/Ethernet/Dhcp.o
EthernetUDP::parsePacket()                        ./arduinolib/Ethernet/EthernetUdp.o
                                                  ./arduinolib/Ethernet/Dns.o
                                                  ./arduinolib/Ethernet/Dhcp.o
EthernetUDP::peek()                               ./arduinolib/Ethernet/EthernetUdp.o
EthernetUDP::read()                               ./arduinolib/Ethernet/EthernetUdp.o
                                                  ./arduinolib/Ethernet/Dns.o
                                                  ./arduinolib/Ethernet/Dhcp.o
EthernetUDP::read(char*, unsigned int)            ./arduinolib/Ethernet/EthernetUdp.o
EthernetUDP::read(unsigned char*, unsigned int)   ./arduinolib/Ethernet/EthernetUdp.o
                                                  ./arduinolib/Ethernet/Dns.o
                                                  ./arduinolib/Ethernet/Dhcp.o
EthernetUDP::remoteIP()                           ./arduinolib/Ethernet/Dhcp.o
EthernetUDP::remotePort()                         ./arduinolib/Ethernet/Dhcp.o
EthernetUDP::stop()                               ./arduinolib/Ethernet/EthernetUdp.o
                                                  ./arduinolib/Ethernet/Dns.o
                                                  ./arduinolib/Ethernet/Dhcp.o
EthernetUDP::write(unsigned char const*, unsigned int) ./arduinolib/Ethernet/EthernetUdp.o
                                                  ./arduinolib/Ethernet/Dns.o
                                                  ./arduinolib/Ethernet/Dhcp.o
EthernetUDP::write(unsigned char)                 ./arduinolib/Ethernet/EthernetUdp.o
File::File()                                      ./arduinolib/SD/File.o
                                                  ./arduinolib/SD/SD.o
File::File()                                      ./arduinolib/SD/File.o
File::File(SdFile, char const*)                   ./arduinolib/SD/File.o
                                                  ./arduinolib/SD/SD.o
File::File(SdFile, char const*)                   ./arduinolib/SD/File.o
File::available()                                 ./arduinolib/SD/File.o
File::close()                                     ./arduinolib/SD/File.o
File::flush()                                     ./arduinolib/SD/File.o
File::isDirectory()                               ./arduinolib/SD/File.o
                                                  ./arduinolib/SD/SD.o
File::name()                                      ./arduinolib/SD/File.o
File::openNextFile(unsigned char)                 ./arduinolib/SD/SD.o
File::operator bool()                             ./arduinolib/SD/File.o
File::peek()                                      ./arduinolib/SD/File.o
File::position()                                  ./arduinolib/SD/File.o
File::read()                                      ./arduinolib/SD/File.o
File::read(void*, unsigned int)                   ./arduinolib/SD/File.o
File::rewindDirectory()                           ./arduinolib/SD/SD.o
File::seek(unsigned long)                         ./arduinolib/SD/File.o
File::size()                                      ./arduinolib/SD/File.o
File::write(unsigned char const*, unsigned int)   ./arduinolib/SD/File.o
File::write(unsigned char)                        ./arduinolib/SD/File.o
File::~File()                                     ./arduinolib/SD/File.o
File::~File()                                     ./arduinolib/SD/File.o
Firmata                                           ./arduinolib/Firmata/Firmata.o
FirmataClass::FirmataClass(Stream&)               ./arduinolib/Firmata/Firmata.o
FirmataClass::FirmataClass(Stream&)               ./arduinolib/Firmata/Firmata.o
FirmataClass::attach(unsigned char, void (*)())   ./arduinolib/Firmata/Firmata.o
FirmataClass::attach(unsigned char, void (*)(char*)) ./arduinolib/Firmata/Firmata.o
FirmataClass::attach(unsigned char, void (*)(unsigned char, int)) ./arduinolib/Firmata/Firmata.o
FirmataClass::attach(unsigned char, void (*)(unsigned char, unsigned char, unsigned char*)) ./arduinolib/Firmata/Firmata.o
FirmataClass::available()                         ./arduinolib/Firmata/Firmata.o
FirmataClass::begin()                             ./arduinolib/Firmata/Firmata.o
FirmataClass::begin(Stream&)                      ./arduinolib/Firmata/Firmata.o
FirmataClass::begin(long)                         ./arduinolib/Firmata/Firmata.o
FirmataClass::blinkVersion()                      ./arduinolib/Firmata/Firmata.o
FirmataClass::detach(unsigned char)               ./arduinolib/Firmata/Firmata.o
FirmataClass::endSysex()                          ./arduinolib/Firmata/Firmata.o
FirmataClass::pin13strobe(int, int, int)          ./arduinolib/Firmata/Firmata.o
FirmataClass::printFirmwareVersion()              ./arduinolib/Firmata/Firmata.o
FirmataClass::printVersion()                      ./arduinolib/Firmata/Firmata.o
FirmataClass::processInput()                      ./arduinolib/Firmata/Firmata.o
FirmataClass::processSysexMessage()               ./arduinolib/Firmata/Firmata.o
FirmataClass::sendAnalog(unsigned char, int)      ./arduinolib/Firmata/Firmata.o
FirmataClass::sendDigital(unsigned char, int)     ./arduinolib/Firmata/Firmata.o
FirmataClass::sendDigitalPort(unsigned char, int) ./arduinolib/Firmata/Firmata.o
FirmataClass::sendString(char const*)             ./arduinolib/Firmata/Firmata.o
FirmataClass::sendString(unsigned char, char const*) ./arduinolib/Firmata/Firmata.o
FirmataClass::sendSysex(unsigned char, unsigned char, unsigned char*) ./arduinolib/Firmata/Firmata.o
FirmataClass::sendValueAsTwo7bitBytes(int)        ./arduinolib/Firmata/Firmata.o
FirmataClass::setFirmwareNameAndVersion(char const*, unsigned char, unsigned char) ./arduinolib/Firmata/Firmata.o
FirmataClass::startSysex()                        ./arduinolib/Firmata/Firmata.o
FirmataClass::systemReset()                       ./arduinolib/Firmata/Firmata.o
HardwareSerial::HardwareSerial(ring_buffer*, ring_buffer*, unsigned char volatile*, unsigned char volatile*, unsigned char volatile*, unsigned char volatile*, unsigned char volatile*, unsigned char volatile*, unsigned char, unsigned char, unsigned char, unsigned char, unsigned char) C:\Users\Administrator\workspace\arduino_core\uno\libarduino_core.a(HardwareSerial.o)
HardwareSerial::HardwareSerial(ring_buffer*, ring_buffer*, unsigned char volatile*, unsigned char volatile*, unsigned char volatile*, unsigned char volatile*, unsigned char volatile*, unsigned char volatile*, unsigned char, unsigned char, unsigned char, unsigned char, unsigned char) C:\Users\Administrator\workspace\arduino_core\uno\libarduino_core.a(HardwareSerial.o)
HardwareSerial::available()                       C:\Users\Administrator\workspace\arduino_core\uno\libarduino_core.a(HardwareSerial.o)
HardwareSerial::begin(unsigned long)              C:\Users\Administrator\workspace\arduino_core\uno\libarduino_core.a(HardwareSerial.o)
                                                  ./arduinolib/Firmata/Firmata.o
HardwareSerial::begin(unsigned long, unsigned char) C:\Users\Administrator\workspace\arduino_core\uno\libarduino_core.a(HardwareSerial.o)
HardwareSerial::end()                             C:\Users\Administrator\workspace\arduino_core\uno\libarduino_core.a(HardwareSerial.o)
HardwareSerial::flush()                           C:\Users\Administrator\workspace\arduino_core\uno\libarduino_core.a(HardwareSerial.o)
HardwareSerial::operator bool()                   C:\Users\Administrator\workspace\arduino_core\uno\libarduino_core.a(HardwareSerial.o)
HardwareSerial::peek()                            C:\Users\Administrator\workspace\arduino_core\uno\libarduino_core.a(HardwareSerial.o)
HardwareSerial::read()                            C:\Users\Administrator\workspace\arduino_core\uno\libarduino_core.a(HardwareSerial.o)
HardwareSerial::write(unsigned char)              C:\Users\Administrator\workspace\arduino_core\uno\libarduino_core.a(HardwareSerial.o)
                                                  ./arduinolib/SD/SD.o
                                                  ./arduinolib/SD/File.o
                                                  ./arduinolib/SD/utility/SdFile.o
IPAddress::IPAddress()                            C:\Users\Administrator\workspace\arduino_core\uno\libarduino_core.a(IPAddress.o)
IPAddress::IPAddress()                            C:\Users\Administrator\workspace\arduino_core\uno\libarduino_core.a(IPAddress.o)
                                                  ./arduinolib/Ethernet/EthernetUdp.o
                                                  ./arduinolib/Ethernet/EthernetClient.o
                                                  ./arduinolib/Ethernet/Ethernet.o
IPAddress::IPAddress(IPAddress const&)            ./arduinolib/Ethernet/Dhcp.o
IPAddress::IPAddress(unsigned char const*)        C:\Users\Administrator\workspace\arduino_core\uno\libarduino_core.a(IPAddress.o)
                                                  ./arduinolib/Ethernet/Dhcp.o
IPAddress::IPAddress(unsigned char const*)        C:\Users\Administrator\workspace\arduino_core\uno\libarduino_core.a(IPAddress.o)
IPAddress::IPAddress(unsigned char, unsigned char, unsigned char, unsigned char) C:\Users\Administrator\workspace\arduino_core\uno\libarduino_core.a(IPAddress.o)
                                                  ./arduinolib/Ethernet/EthernetUdp.o
                                                  ./arduinolib/Ethernet/EthernetServer.o
                                                  ./arduinolib/Ethernet/EthernetClient.o
                                                  ./arduinolib/Ethernet/Ethernet.o
                                                  ./arduinolib/Ethernet/Dns.o
                                                  ./arduinolib/Ethernet/Dhcp.o
IPAddress::IPAddress(unsigned char, unsigned char, unsigned char, unsigned char) C:\Users\Administrator\workspace\arduino_core\uno\libarduino_core.a(IPAddress.o)
IPAddress::IPAddress(unsigned long)               C:\Users\Administrator\workspace\arduino_core\uno\libarduino_core.a(IPAddress.o)
IPAddress::IPAddress(unsigned long)               C:\Users\Administrator\workspace\arduino_core\uno\libarduino_core.a(IPAddress.o)
IPAddress::operator unsigned long()               ./arduinolib/Ethernet/Dns.o
IPAddress::operator=(IPAddress const&)            ./arduinolib/Ethernet/Dns.o
IPAddress::operator=(unsigned char const*)        C:\Users\Administrator\workspace\arduino_core\uno\libarduino_core.a(IPAddress.o)
                                                  ./arduinolib/Ethernet/EthernetUdp.o
IPAddress::operator=(unsigned long)               C:\Users\Administrator\workspace\arduino_core\uno\libarduino_core.a(IPAddress.o)
IPAddress::operator==(IPAddress const&)           ./arduinolib/Ethernet/Dhcp.o
IPAddress::operator==(unsigned char const*)       C:\Users\Administrator\workspace\arduino_core\uno\libarduino_core.a(IPAddress.o)
IPAddress::operator[](int)                        ./arduinolib/Ethernet/Dns.o
IPAddress::printTo(Print&) const                  C:\Users\Administrator\workspace\arduino_core\uno\libarduino_core.a(IPAddress.o)
IPAddress::raw_address()                          ./arduinolib/Ethernet/Dns.o
LiquidCrystal::LiquidCrystal(unsigned char, unsigned char, unsigned char, unsigned char, unsigned char, unsigned char) ./arduinolib/LiquidCrystal/LiquidCrystal.o
LiquidCrystal::LiquidCrystal(unsigned char, unsigned char, unsigned char, unsigned char, unsigned char, unsigned char) ./arduinolib/LiquidCrystal/LiquidCrystal.o
LiquidCrystal::LiquidCrystal(unsigned char, unsigned char, unsigned char, unsigned char, unsigned char, unsigned char, unsigned char) ./arduinolib/LiquidCrystal/LiquidCrystal.o
LiquidCrystal::LiquidCrystal(unsigned char, unsigned char, unsigned char, unsigned char, unsigned char, unsigned char, unsigned char) ./arduinolib/LiquidCrystal/LiquidCrystal.o
LiquidCrystal::LiquidCrystal(unsigned char, unsigned char, unsigned char, unsigned char, unsigned char, unsigned char, unsigned char, unsigned char, unsigned char, unsigned char) ./arduinolib/LiquidCrystal/LiquidCrystal.o
LiquidCrystal::LiquidCrystal(unsigned char, unsigned char, unsigned char, unsigned char, unsigned char, unsigned char, unsigned char, unsigned char, unsigned char, unsigned char) ./arduinolib/LiquidCrystal/LiquidCrystal.o
LiquidCrystal::LiquidCrystal(unsigned char, unsigned char, unsigned char, unsigned char, unsigned char, unsigned char, unsigned char, unsigned char, unsigned char, unsigned char, unsigned char) ./arduinolib/LiquidCrystal/LiquidCrystal.o
LiquidCrystal::LiquidCrystal(unsigned char, unsigned char, unsigned char, unsigned char, unsigned char, unsigned char, unsigned char, unsigned char, unsigned char, unsigned char, unsigned char) ./arduinolib/LiquidCrystal/LiquidCrystal.o
LiquidCrystal::autoscroll()                       ./arduinolib/LiquidCrystal/LiquidCrystal.o
LiquidCrystal::begin(unsigned char, unsigned char, unsigned char) ./arduinolib/LiquidCrystal/LiquidCrystal.o
LiquidCrystal::blink()                            ./arduinolib/LiquidCrystal/LiquidCrystal.o
LiquidCrystal::clear()                            ./arduinolib/LiquidCrystal/LiquidCrystal.o
LiquidCrystal::command(unsigned char)             ./arduinolib/LiquidCrystal/LiquidCrystal.o
LiquidCrystal::createChar(unsigned char, unsigned char*) ./arduinolib/LiquidCrystal/LiquidCrystal.o
LiquidCrystal::cursor()                           ./arduinolib/LiquidCrystal/LiquidCrystal.o
LiquidCrystal::display()                          ./arduinolib/LiquidCrystal/LiquidCrystal.o
LiquidCrystal::home()                             ./arduinolib/LiquidCrystal/LiquidCrystal.o
LiquidCrystal::init(unsigned char, unsigned char, unsigned char, unsigned char, unsigned char, unsigned char, unsigned char, unsigned char, unsigned char, unsigned char, unsigned char, unsigned char) ./arduinolib/LiquidCrystal/LiquidCrystal.o
LiquidCrystal::leftToRight()                      ./arduinolib/LiquidCrystal/LiquidCrystal.o
LiquidCrystal::noAutoscroll()                     ./arduinolib/LiquidCrystal/LiquidCrystal.o
LiquidCrystal::noBlink()                          ./arduinolib/LiquidCrystal/LiquidCrystal.o
LiquidCrystal::noCursor()                         ./arduinolib/LiquidCrystal/LiquidCrystal.o
LiquidCrystal::noDisplay()                        ./arduinolib/LiquidCrystal/LiquidCrystal.o
LiquidCrystal::pulseEnable()                      ./arduinolib/LiquidCrystal/LiquidCrystal.o
LiquidCrystal::rightToLeft()                      ./arduinolib/LiquidCrystal/LiquidCrystal.o
LiquidCrystal::scrollDisplayLeft()                ./arduinolib/LiquidCrystal/LiquidCrystal.o
LiquidCrystal::scrollDisplayRight()               ./arduinolib/LiquidCrystal/LiquidCrystal.o
LiquidCrystal::send(unsigned char, unsigned char) ./arduinolib/LiquidCrystal/LiquidCrystal.o
LiquidCrystal::setCursor(unsigned char, unsigned char) ./arduinolib/LiquidCrystal/LiquidCrystal.o
LiquidCrystal::write(unsigned char)               ./arduinolib/LiquidCrystal/LiquidCrystal.o
LiquidCrystal::write4bits(unsigned char)          ./arduinolib/LiquidCrystal/LiquidCrystal.o
LiquidCrystal::write8bits(unsigned char)          ./arduinolib/LiquidCrystal/LiquidCrystal.o
Print::Print()                                    ./arduinolib/Wire/Wire.o
Print::Print(Print const&)                        ./arduinolib/SD/SD.o
Print::clearWriteError()                          ./arduinolib/SD/File.o
Print::getWriteError()                            ./arduinolib/SD/File.o
Print::operator=(Print const&)                    ./arduinolib/Firmata/Firmata.o
Print::print(Printable const&)                    C:\Users\Administrator\workspace\arduino_core\uno\libarduino_core.a(Print.o)
Print::print(String const&)                       C:\Users\Administrator\workspace\arduino_core\uno\libarduino_core.a(Print.o)
Print::print(__FlashStringHelper const*)          C:\Users\Administrator\workspace\arduino_core\uno\libarduino_core.a(Print.o)
Print::print(char const*)                         C:\Users\Administrator\workspace\arduino_core\uno\libarduino_core.a(Print.o)
                                                  ./arduinolib/SD/utility/SdFile.o
Print::print(char)                                C:\Users\Administrator\workspace\arduino_core\uno\libarduino_core.a(Print.o)
                                                  C:\Users\Administrator\workspace\arduino_core\uno\libarduino_core.a(IPAddress.o)
                                                  ./arduinolib/SD/utility/SdFile.o
Print::print(double, int)                         C:\Users\Administrator\workspace\arduino_core\uno\libarduino_core.a(Print.o)
Print::print(int, int)                            C:\Users\Administrator\workspace\arduino_core\uno\libarduino_core.a(Print.o)
Print::print(long, int)                           C:\Users\Administrator\workspace\arduino_core\uno\libarduino_core.a(Print.o)
Print::print(unsigned char, int)                  C:\Users\Administrator\workspace\arduino_core\uno\libarduino_core.a(Print.o)
                                                  C:\Users\Administrator\workspace\arduino_core\uno\libarduino_core.a(IPAddress.o)
Print::print(unsigned int, int)                   C:\Users\Administrator\workspace\arduino_core\uno\libarduino_core.a(Print.o)
                                                  ./arduinolib/SD/utility/SdFile.o
Print::print(unsigned long, int)                  C:\Users\Administrator\workspace\arduino_core\uno\libarduino_core.a(Print.o)
                                                  ./arduinolib/SD/utility/SdFile.o
Print::printFloat(double, unsigned char)          C:\Users\Administrator\workspace\arduino_core\uno\libarduino_core.a(Print.o)
Print::printNumber(unsigned long, unsigned char)  C:\Users\Administrator\workspace\arduino_core\uno\libarduino_core.a(Print.o)
Print::println()                                  C:\Users\Administrator\workspace\arduino_core\uno\libarduino_core.a(Print.o)
                                                  ./arduinolib/SD/SD.o
                                                  ./arduinolib/SD/File.o
                                                  ./arduinolib/SD/utility/SdFile.o
Print::println(Printable const&)                  C:\Users\Administrator\workspace\arduino_core\uno\libarduino_core.a(Print.o)
Print::println(String const&)                     C:\Users\Administrator\workspace\arduino_core\uno\libarduino_core.a(Print.o)
Print::println(__FlashStringHelper const*)        C:\Users\Administrator\workspace\arduino_core\uno\libarduino_core.a(Print.o)
Print::println(char const*)                       C:\Users\Administrator\workspace\arduino_core\uno\libarduino_core.a(Print.o)
Print::println(char)                              C:\Users\Administrator\workspace\arduino_core\uno\libarduino_core.a(Print.o)
Print::println(double, int)                       C:\Users\Administrator\workspace\arduino_core\uno\libarduino_core.a(Print.o)
Print::println(int, int)                          C:\Users\Administrator\workspace\arduino_core\uno\libarduino_core.a(Print.o)
Print::println(long, int)                         C:\Users\Administrator\workspace\arduino_core\uno\libarduino_core.a(Print.o)
Print::println(unsigned char, int)                C:\Users\Administrator\workspace\arduino_core\uno\libarduino_core.a(Print.o)
Print::println(unsigned int, int)                 C:\Users\Administrator\workspace\arduino_core\uno\libarduino_core.a(Print.o)
Print::println(unsigned long, int)                C:\Users\Administrator\workspace\arduino_core\uno\libarduino_core.a(Print.o)
Print::setWriteError(int)                         ./arduinolib/Wire/Wire.o
Print::write(char const*)                         C:\Users\Administrator\workspace\arduino_core\uno\libarduino_core.a(Print.o)
Print::write(unsigned char const*, unsigned int)  C:\Users\Administrator\workspace\arduino_core\uno\libarduino_core.a(Print.o)
                                                  C:\Users\Administrator\workspace\arduino_core\uno\libarduino_core.a(HardwareSerial.o)
                                                  ./arduinolib/Ethernet/EthernetUdp.o
                                                  ./arduinolib/Ethernet/EthernetServer.o
                                                  ./arduinolib/Ethernet/EthernetClient.o
                                                  ./arduinolib/LiquidCrystal/LiquidCrystal.o
                                                  ./arduinolib/SD/File.o
                                                  ./arduinolib/SD/utility/SdFile.o
                                                  ./arduinolib/SoftwareSerial/SoftwareSerial.o
                                                  ./arduinolib/Wire/Wire.o
Printable::Printable()                            C:\Users\Administrator\workspace\arduino_core\uno\libarduino_core.a(IPAddress.o)
Printable::Printable(Printable const&)            ./arduinolib/Ethernet/Dhcp.o
Printable::operator=(Printable const&)            ./arduinolib/Ethernet/Dns.o
SD                                                ./arduinolib/SD/SD.o
SDClass::SDClass()                                ./arduinolib/SD/SD.o
SDClass::begin(unsigned char)                     ./arduinolib/SD/SD.o
SDClass::exists(char*)                            ./arduinolib/SD/SD.o
SDClass::getParentDir(char const*, int*)          ./arduinolib/SD/SD.o
SDClass::mkdir(char*)                             ./arduinolib/SD/SD.o
SDClass::open(char const*, unsigned char)         ./arduinolib/SD/SD.o
SDClass::remove(char*)                            ./arduinolib/SD/SD.o
SDClass::rmdir(char*)                             ./arduinolib/SD/SD.o
SPI                                               ./arduinolib/SPI/SPI.o
SPIClass::begin()                                 ./arduinolib/SPI/SPI.o
                                                  ./arduinolib/Ethernet/utility/w5100.o
SPIClass::end()                                   ./arduinolib/SPI/SPI.o
SPIClass::setBitOrder(unsigned char)              ./arduinolib/SPI/SPI.o
SPIClass::setClockDivider(unsigned char)          ./arduinolib/SPI/SPI.o
SPIClass::setDataMode(unsigned char)              ./arduinolib/SPI/SPI.o
SPIClass::transfer(unsigned char)                 ./arduinolib/Ethernet/utility/w5100.o
Sd2Card::Sd2Card()                                ./arduinolib/SD/SD.o
Sd2Card::cardAcmd(unsigned char, unsigned long)   ./arduinolib/SD/utility/Sd2Card.o
Sd2Card::cardCommand(unsigned char, unsigned long) ./arduinolib/SD/utility/Sd2Card.o
Sd2Card::cardSize()                               ./arduinolib/SD/utility/Sd2Card.o
Sd2Card::chipSelectHigh()                         ./arduinolib/SD/utility/Sd2Card.o
Sd2Card::chipSelectLow()                          ./arduinolib/SD/utility/Sd2Card.o
Sd2Card::erase(unsigned long, unsigned long)      ./arduinolib/SD/utility/Sd2Card.o
Sd2Card::eraseSingleBlockEnable()                 ./arduinolib/SD/utility/Sd2Card.o
Sd2Card::error(unsigned char)                     ./arduinolib/SD/utility/Sd2Card.o
Sd2Card::init(unsigned char, unsigned char)       ./arduinolib/SD/utility/Sd2Card.o
                                                  ./arduinolib/SD/SD.o
Sd2Card::partialBlockRead(unsigned char)          ./arduinolib/SD/utility/Sd2Card.o
Sd2Card::readBlock(unsigned long, unsigned char*) ./arduinolib/SD/utility/Sd2Card.o
                                                  ./arduinolib/SD/utility/SdVolume.o
Sd2Card::readCSD(csd_t*)                          ./arduinolib/SD/utility/Sd2Card.o
Sd2Card::readData(unsigned long, unsigned int, unsigned int, unsigned char*) ./arduinolib/SD/utility/Sd2Card.o
                                                  ./arduinolib/SD/utility/SdFile.o
Sd2Card::readEnd()                                ./arduinolib/SD/utility/Sd2Card.o
Sd2Card::readRegister(unsigned char, void*)       ./arduinolib/SD/utility/Sd2Card.o
Sd2Card::setSckRate(unsigned char)                ./arduinolib/SD/utility/Sd2Card.o
Sd2Card::type() const                             ./arduinolib/SD/utility/Sd2Card.o
Sd2Card::type(unsigned char)                      ./arduinolib/SD/utility/Sd2Card.o
Sd2Card::waitNotBusy(unsigned int)                ./arduinolib/SD/utility/Sd2Card.o
Sd2Card::waitStartBlock()                         ./arduinolib/SD/utility/Sd2Card.o
Sd2Card::writeBlock(unsigned long, unsigned char const*) ./arduinolib/SD/utility/Sd2Card.o
                                                  ./arduinolib/SD/utility/SdVolume.o
                                                  ./arduinolib/SD/utility/SdFile.o
Sd2Card::writeData(unsigned char const*)          ./arduinolib/SD/utility/Sd2Card.o
Sd2Card::writeData(unsigned char, unsigned char const*) ./arduinolib/SD/utility/Sd2Card.o
Sd2Card::writeStart(unsigned long, unsigned long) ./arduinolib/SD/utility/Sd2Card.o
Sd2Card::writeStop()                              ./arduinolib/SD/utility/Sd2Card.o
SdFile::SdFile()                                  ./arduinolib/SD/utility/SdFile.o
SdFile::SdFile(SdFile const&)                     ./arduinolib/SD/SD.o
SdFile::addCluster()                              ./arduinolib/SD/utility/SdFile.o
SdFile::addDirCluster()                           ./arduinolib/SD/utility/SdFile.o
SdFile::cacheDirEntry(unsigned char)              ./arduinolib/SD/utility/SdFile.o
SdFile::close()                                   ./arduinolib/SD/utility/SdFile.o
                                                  ./arduinolib/SD/SD.o
                                                  ./arduinolib/SD/File.o
SdFile::contiguousRange(unsigned long*, unsigned long*) ./arduinolib/SD/utility/SdFile.o
SdFile::createContiguous(SdFile*, char const*, unsigned long) ./arduinolib/SD/utility/SdFile.o
SdFile::curPosition() const                       ./arduinolib/SD/utility/SdFile.o
SdFile::dateTime_                                 ./arduinolib/SD/utility/SdFile.o
SdFile::dirEntry(directoryEntry*)                 ./arduinolib/SD/utility/SdFile.o
SdFile::dirName(directoryEntry const&, char*)     ./arduinolib/SD/utility/SdFile.o
                                                  ./arduinolib/SD/SD.o
SdFile::fileSize() const                          ./arduinolib/SD/File.o
SdFile::isDir() const                             ./arduinolib/SD/utility/SdFile.o
SdFile::isFile() const                            ./arduinolib/SD/utility/SdFile.o
SdFile::isOpen() const                            ./arduinolib/SD/utility/SdFile.o
SdFile::isRoot() const                            ./arduinolib/SD/utility/SdFile.o
SdFile::isSubDir() const                          ./arduinolib/SD/utility/SdFile.o
SdFile::ls(unsigned char, unsigned char)          ./arduinolib/SD/utility/SdFile.o
SdFile::make83Name(char const*, unsigned char*)   ./arduinolib/SD/utility/SdFile.o
SdFile::makeDir(SdFile&, char const*)             ./arduinolib/SD/SD.o
SdFile::makeDir(SdFile*, char const*)             ./arduinolib/SD/utility/SdFile.o
                                                  ./arduinolib/SD/SD.o
SdFile::oldDateTime_                              ./arduinolib/SD/utility/SdFile.o
SdFile::open(SdFile&, char const*, unsigned char) ./arduinolib/SD/SD.o
SdFile::open(SdFile*, char const*, unsigned char) ./arduinolib/SD/utility/SdFile.o
                                                  ./arduinolib/SD/SD.o
SdFile::open(SdFile*, unsigned int, unsigned char) ./arduinolib/SD/utility/SdFile.o
SdFile::openCachedEntry(unsigned char, unsigned char) ./arduinolib/SD/utility/SdFile.o
SdFile::openRoot(SdVolume&)                       ./arduinolib/SD/SD.o
SdFile::openRoot(SdVolume*)                       ./arduinolib/SD/utility/SdFile.o
                                                  ./arduinolib/SD/SD.o
SdFile::printDirName(directoryEntry const&, unsigned char) ./arduinolib/SD/utility/SdFile.o
SdFile::printFatDate(unsigned int)                ./arduinolib/SD/utility/SdFile.o
SdFile::printFatTime(unsigned int)                ./arduinolib/SD/utility/SdFile.o
SdFile::printTwoDigits(unsigned char)             ./arduinolib/SD/utility/SdFile.o
SdFile::read()                                    ./arduinolib/SD/utility/SdFile.o
SdFile::read(void*, unsigned int)                 ./arduinolib/SD/utility/SdFile.o
                                                  ./arduinolib/SD/File.o
SdFile::readDir(directoryEntry*)                  ./arduinolib/SD/utility/SdFile.o
                                                  ./arduinolib/SD/SD.o
SdFile::readDirCache()                            ./arduinolib/SD/utility/SdFile.o
SdFile::remove()                                  ./arduinolib/SD/utility/SdFile.o
SdFile::remove(SdFile&, char const*)              ./arduinolib/SD/SD.o
SdFile::remove(SdFile*, char const*)              ./arduinolib/SD/utility/SdFile.o
                                                  ./arduinolib/SD/SD.o
SdFile::rewind()                                  ./arduinolib/SD/utility/SdFile.o
SdFile::rmDir()                                   ./arduinolib/SD/utility/SdFile.o
                                                  ./arduinolib/SD/SD.o
SdFile::rmRfStar()                                ./arduinolib/SD/utility/SdFile.o
SdFile::seekCur(unsigned long)                    ./arduinolib/SD/File.o
SdFile::seekEnd()                                 ./arduinolib/SD/utility/SdFile.o
SdFile::seekSet(unsigned long)                    ./arduinolib/SD/utility/SdFile.o
                                                  ./arduinolib/SD/SD.o
                                                  ./arduinolib/SD/File.o
SdFile::sync()                                    ./arduinolib/SD/utility/SdFile.o
                                                  ./arduinolib/SD/File.o
SdFile::timestamp(unsigned char, unsigned int, unsigned char, unsigned char, unsigned char, unsigned char, unsigned char) ./arduinolib/SD/utility/SdFile.o
SdFile::truncate(unsigned long)                   ./arduinolib/SD/utility/SdFile.o
SdFile::unbufferedRead() const                    ./arduinolib/SD/utility/SdFile.o
SdFile::write(char const*)                        ./arduinolib/SD/utility/SdFile.o
SdFile::write(unsigned char)                      ./arduinolib/SD/utility/SdFile.o
SdFile::write(void const*, unsigned int)          ./arduinolib/SD/utility/SdFile.o
                                                  ./arduinolib/SD/File.o
SdFile::write_P(char const*)                      ./arduinolib/SD/utility/SdFile.o
SdFile::writeln_P(char const*)                    ./arduinolib/SD/utility/SdFile.o
SdVolume::SdVolume()                              ./arduinolib/SD/SD.o
SdVolume::allocContiguous(unsigned long, unsigned long*) ./arduinolib/SD/utility/SdVolume.o
                                                  ./arduinolib/SD/utility/SdFile.o
SdVolume::blockOfCluster(unsigned long) const     ./arduinolib/SD/utility/SdFile.o
SdVolume::cacheBlockNumber_                       ./arduinolib/SD/utility/SdVolume.o
                                                  ./arduinolib/SD/utility/SdFile.o
SdVolume::cacheBuffer_                            ./arduinolib/SD/utility/SdVolume.o
                                                  ./arduinolib/SD/utility/SdFile.o
SdVolume::cacheDirty_                             ./arduinolib/SD/utility/SdVolume.o
                                                  ./arduinolib/SD/utility/SdFile.o
SdVolume::cacheFlush()                            ./arduinolib/SD/utility/SdVolume.o
                                                  ./arduinolib/SD/utility/SdFile.o
SdVolume::cacheMirrorBlock_                       ./arduinolib/SD/utility/SdVolume.o
SdVolume::cacheRawBlock(unsigned long, unsigned char) ./arduinolib/SD/utility/SdVolume.o
                                                  ./arduinolib/SD/utility/SdFile.o
SdVolume::cacheSetDirty()                         ./arduinolib/SD/utility/SdFile.o
SdVolume::cacheZeroBlock(unsigned long)           ./arduinolib/SD/utility/SdVolume.o
                                                  ./arduinolib/SD/utility/SdFile.o
SdVolume::chainSize(unsigned long, unsigned long*) const ./arduinolib/SD/utility/SdVolume.o
                                                  ./arduinolib/SD/utility/SdFile.o
SdVolume::clusterStartBlock(unsigned long) const  ./arduinolib/SD/utility/SdFile.o
SdVolume::fatGet(unsigned long, unsigned long*) const ./arduinolib/SD/utility/SdVolume.o
                                                  ./arduinolib/SD/utility/SdFile.o
SdVolume::fatPut(unsigned long, unsigned long)    ./arduinolib/SD/utility/SdVolume.o
                                                  ./arduinolib/SD/utility/SdFile.o
SdVolume::fatPutEOC(unsigned long)                ./arduinolib/SD/utility/SdFile.o
SdVolume::fatType() const                         ./arduinolib/SD/utility/SdFile.o
SdVolume::freeChain(unsigned long)                ./arduinolib/SD/utility/SdVolume.o
                                                  ./arduinolib/SD/utility/SdFile.o
SdVolume::init(Sd2Card&)                          ./arduinolib/SD/SD.o
SdVolume::init(Sd2Card*)                          ./arduinolib/SD/SD.o
SdVolume::init(Sd2Card*, unsigned char)           ./arduinolib/SD/utility/SdVolume.o
                                                  ./arduinolib/SD/SD.o
SdVolume::isEOC(unsigned long) const              ./arduinolib/SD/utility/SdFile.o
SdVolume::readData(unsigned long, unsigned int, unsigned int, unsigned char*) ./arduinolib/SD/utility/SdFile.o
SdVolume::rootDirEntryCount() const               ./arduinolib/SD/utility/SdFile.o
SdVolume::rootDirStart() const                    ./arduinolib/SD/utility/SdFile.o
SdVolume::sdCard_                                 ./arduinolib/SD/utility/SdVolume.o
                                                  ./arduinolib/SD/utility/SdFile.o
SdVolume::writeBlock(unsigned long, unsigned char const*) ./arduinolib/SD/utility/SdFile.o
Serial                                            C:\Users\Administrator\workspace\arduino_core\uno\libarduino_core.a(HardwareSerial.o)
                                                  ./arduinolib/Firmata/Firmata.o
                                                  ./arduinolib/SD/SD.o
                                                  ./arduinolib/SD/File.o
                                                  ./arduinolib/SD/utility/SdFile.o
Server::Server()                                  ./arduinolib/Ethernet/EthernetServer.o
Servo::Servo()                                    ./arduinolib/Servo/Servo.o
Servo::Servo()                                    ./arduinolib/Servo/Servo.o
Servo::attach(int)                                ./arduinolib/Servo/Servo.o
Servo::attach(int, int, int)                      ./arduinolib/Servo/Servo.o
Servo::attached()                                 ./arduinolib/Servo/Servo.o
Servo::detach()                                   ./arduinolib/Servo/Servo.o
Servo::read()                                     ./arduinolib/Servo/Servo.o
Servo::readMicroseconds()                         ./arduinolib/Servo/Servo.o
Servo::write(int)                                 ./arduinolib/Servo/Servo.o
Servo::writeMicroseconds(int)                     ./arduinolib/Servo/Servo.o
ServoCount                                        ./arduinolib/Servo/Servo.o
SoftwareSerial::SoftwareSerial(unsigned char, unsigned char, bool) ./arduinolib/SoftwareSerial/SoftwareSerial.o
SoftwareSerial::SoftwareSerial(unsigned char, unsigned char, bool) ./arduinolib/SoftwareSerial/SoftwareSerial.o
SoftwareSerial::_receive_buffer                   ./arduinolib/SoftwareSerial/SoftwareSerial.o
SoftwareSerial::_receive_buffer_head              ./arduinolib/SoftwareSerial/SoftwareSerial.o
SoftwareSerial::_receive_buffer_tail              ./arduinolib/SoftwareSerial/SoftwareSerial.o
SoftwareSerial::active_object                     ./arduinolib/SoftwareSerial/SoftwareSerial.o
SoftwareSerial::available()                       ./arduinolib/SoftwareSerial/SoftwareSerial.o
SoftwareSerial::begin(long)                       ./arduinolib/SoftwareSerial/SoftwareSerial.o
SoftwareSerial::end()                             ./arduinolib/SoftwareSerial/SoftwareSerial.o
SoftwareSerial::flush()                           ./arduinolib/SoftwareSerial/SoftwareSerial.o
SoftwareSerial::handle_interrupt()                ./arduinolib/SoftwareSerial/SoftwareSerial.o
SoftwareSerial::isListening()                     ./arduinolib/SoftwareSerial/SoftwareSerial.o
SoftwareSerial::listen()                          ./arduinolib/SoftwareSerial/SoftwareSerial.o
SoftwareSerial::peek()                            ./arduinolib/SoftwareSerial/SoftwareSerial.o
SoftwareSerial::read()                            ./arduinolib/SoftwareSerial/SoftwareSerial.o
SoftwareSerial::recv()                            ./arduinolib/SoftwareSerial/SoftwareSerial.o
SoftwareSerial::rx_pin_read()                     ./arduinolib/SoftwareSerial/SoftwareSerial.o
SoftwareSerial::setRX(unsigned char)              ./arduinolib/SoftwareSerial/SoftwareSerial.o
SoftwareSerial::setTX(unsigned char)              ./arduinolib/SoftwareSerial/SoftwareSerial.o
SoftwareSerial::tunedDelay(unsigned int)          ./arduinolib/SoftwareSerial/SoftwareSerial.o
SoftwareSerial::tx_pin_write(unsigned char)       ./arduinolib/SoftwareSerial/SoftwareSerial.o
SoftwareSerial::write(unsigned char)              ./arduinolib/SoftwareSerial/SoftwareSerial.o
SoftwareSerial::~SoftwareSerial()                 ./arduinolib/SoftwareSerial/SoftwareSerial.o
SoftwareSerial::~SoftwareSerial()                 ./arduinolib/SoftwareSerial/SoftwareSerial.o
Stepper::Stepper(int, int, int)                   ./arduinolib/Stepper/Stepper.o
Stepper::Stepper(int, int, int)                   ./arduinolib/Stepper/Stepper.o
Stepper::Stepper(int, int, int, int, int)         ./arduinolib/Stepper/Stepper.o
Stepper::Stepper(int, int, int, int, int)         ./arduinolib/Stepper/Stepper.o
Stepper::setSpeed(long)                           ./arduinolib/Stepper/Stepper.o
Stepper::step(int)                                ./arduinolib/Stepper/Stepper.o
Stepper::stepMotor(int)                           ./arduinolib/Stepper/Stepper.o
Stepper::version()                                ./arduinolib/Stepper/Stepper.o
Stream::Stream()                                  ./arduinolib/Wire/Wire.o
Stream::Stream(Stream const&)                     ./arduinolib/Ethernet/EthernetServer.o
Stream::operator=(Stream const&)                  ./arduinolib/Firmata/Firmata.o
String::String(String const&)                     C:\Users\Administrator\workspace\arduino_core\uno\libarduino_core.a(WString.o)